Command line: /home/neel/SPAdes-4.3.0-Linux/bin/spades.py	-s	/home/neel/bioinfo_project/mutate_reads1.fa	-o	/home/neel/bioinfo_project/massembly1	--isolate	

System information:
  SPAdes version: 4.3.0
  Python version: 3.12.13
  OS: Linux-6.18.33.2-microsoft-standard-WSL2-x86_64-with-glibc2.43

Output dir: /home/neel/bioinfo_project/massembly1
Mode: ONLY assembling (without read error correction)
Debug mode is turned OFF

Dataset parameters:
  Isolate mode
  Reads:
    Library number: 1, library type: single
      left reads: not specified
      right reads: not specified
      interlaced reads: not specified
      single reads: ['/home/neel/bioinfo_project/mutate_reads1.fa']
      merged reads: not specified
Assembly parameters:
  k: automatic selection based on read length
  Repeat resolution is enabled
  Mismatch careful mode is turned OFF
  MismatchCorrector will be SKIPPED
  Coverage cutoff is turned OFF
  Assembly graph output will use GFA v1.2 format
Other parameters:
  Dir for temp files: /home/neel/bioinfo_project/massembly1/tmp
  Threads: 16
  Memory limit (in Gb): 3


======= SPAdes pipeline started. Log can be found here: /home/neel/bioinfo_project/massembly1/spades.log

/home/neel/bioinfo_project/mutate_reads1.fa: max reads length: 50

Reads length: 50

K-mer sizes were set to [21, 33] because estimated read length (50) is less than 55

===== Before start started. 


===== Assembling started. 


===== K21 started. 


== Running: /home/neel/SPAdes-4.3.0-Linux/bin/spades-core /home/neel/bioinfo_project/massembly1/K21/configs/config.info /home/neel/bioinfo_project/massembly1/K21/configs/isolate_mode.info

  0:00:00.000     1M / 21M   INFO    General                 (main.cpp                  :  94)   Loaded config from "/home/neel/bioinfo_project/massembly1/K21/configs/config.info"
  0:00:00.008     1M / 21M   INFO    General                 (main.cpp                  :  94)   Loaded config from "/home/neel/bioinfo_project/massembly1/K21/configs/isolate_mode.info"
  0:00:00.015     1M / 21M   INFO    General                 (memory_limit.cpp          :  55)   Memory limit set to 3 Gb
  0:00:00.024     1M / 21M   INFO    General                 (main.cpp                  : 102)   Starting SPAdes, built from N/A, git revision a7f6e55b69f6b8eb87dfd7b014e22fc324a8a01b
  0:00:00.032     1M / 21M   INFO    General                 (main.cpp                  : 103)   Maximum k-mer length: 128
  0:00:00.041     1M / 21M   INFO    General                 (main.cpp                  : 104)   Assembling dataset ("/home/neel/bioinfo_project/massembly1/dataset.info") with K=21
  0:00:00.048     1M / 21M   INFO    General                 (main.cpp                  : 105)   Maximum # of threads to use (adjusted due to OMP capabilities): 12
  0:00:00.056     1M / 21M   INFO    General                 (pipeline.cpp              : 221)   SPAdes started
  0:00:00.064     1M / 21M   INFO    General                 (pipeline.cpp              : 234)   Starting from stage: read_conversion
  0:00:00.076     1M / 21M   INFO    General                 (pipeline.cpp              : 245)   Two-step repeat resolution disabled
  0:00:00.086     1M / 21M   INFO   GraphCore                (graph_core.hpp            : 582)   Graph created, vertex min_id: 3, edge min_id: 3
  0:00:00.090     1M / 21M   INFO   GraphCore                (graph_core.hpp            : 583)   Vertex size: 48, edge size: 40
  0:00:00.097     1M / 21M   INFO    General                 (edge_index.hpp            : 132)   Size of edge index entries: 12/8
  0:00:00.106     1M / 21M   INFO   StageManager             (stage.cpp                 : 210)   STAGE == Binary Read Conversion (id: read_conversion)
  0:00:00.130     1M / 21M   INFO    General                 (read_converter.cpp        :  78)   Converting reads to binary format for library #0 (takes a while)
  0:00:00.146     1M / 21M   INFO    General                 (read_converter.cpp        :  99)   Converting paired reads
  0:00:00.185    29M / 36M   INFO    General                 (binary_converter.cpp      : 143)   0 reads written
  0:00:00.198     1M / 36M   INFO    General                 (read_converter.cpp        : 113)   Converting single reads
  0:00:00.212    40M / 48M   INFO    General                 (binary_converter.cpp      : 143)   1500 reads written
  0:00:00.214    27M / 48M   INFO    General                 (read_converter.cpp        : 119)   Converting merged reads
  0:00:00.218    40M / 48M   INFO    General                 (binary_converter.cpp      : 143)   0 reads written
  0:00:00.233     1M / 48M   INFO   StageManager             (stage.cpp                 : 210)   STAGE == de Bruijn graph construction (id: construction)
  0:00:00.236     1M / 48M   INFO    General                 (construction.cpp          : 150)   Max read length 50
  0:00:00.236     1M / 48M   INFO    General                 (construction.cpp          : 156)   Average read length 50
  0:00:00.237     1M / 48M   INFO    General                 (stage.cpp                 : 120)   PROCEDURE == k+1-mer counting (id: construction:kpomer_counting)
  0:00:00.238     1M / 48M   INFO    General                 (kmer_index_builder.hpp    : 308)   Splitting kmer instances into 120 files using 12 threads. This might take a while.
  0:00:00.245     1M / 48M   INFO    General                 (file_limit.hpp            :  43)   Open file limit set to 1048576
  0:00:00.246     1M / 48M   INFO    General                 (kmer_splitter.hpp         :  96)   Memory available for splitting buffers: 0.0833265 Gb
  0:00:00.246     1M / 48M   INFO    General                 (kmer_splitter.hpp         : 104)   Using cell size of 93199
  0:00:00.275     1M / 56M   INFO    General                 (kmer_splitters.hpp        : 134)   Used 3000 reads
  0:00:00.276     1M / 56M   INFO    General                 (kmer_index_builder.hpp    : 314)   Starting k-mer counting.
  0:00:00.292     1M / 56M   INFO    General                 (kmer_index_builder.hpp    : 325)   K-mer counting done. There are 2307 kmers in total.
  0:00:00.293     1M / 56M   INFO    General                 (stage.cpp                 : 120)   PROCEDURE == Extension index construction (id: construction:extension_index_construction)
  0:00:00.295     1M / 56M   INFO   K-mer Index Building     (kmer_index_builder.hpp    : 503)   Building kmer index
  0:00:00.296     1M / 56M   INFO    General                 (kmer_index_builder.hpp    : 308)   Splitting kmer instances into 120 files using 12 threads. This might take a while.
  0:00:00.302     1M / 56M   INFO    General                 (file_limit.hpp            :  43)   Open file limit set to 1048576
  0:00:00.302     1M / 56M   INFO    General                 (kmer_splitter.hpp         :  96)   Memory available for splitting buffers: 0.0833132 Gb
  0:00:00.302     1M / 56M   INFO    General                 (kmer_splitter.hpp         : 104)   Using cell size of 93184
  0:00:00.326  1171M / 1171M INFO    General                 (kmer_splitters.hpp        : 197)   Processed 2307 kmers
  0:00:00.326  1171M / 1171M INFO    General                 (kmer_splitters.hpp        : 202)   Used 2307 kmers.
  0:00:00.328     1M / 58M   INFO    General                 (kmer_index_builder.hpp    : 314)   Starting k-mer counting.
  0:00:00.338     1M / 58M   INFO    General                 (kmer_index_builder.hpp    : 325)   K-mer counting done. There are 2299 kmers in total.
  0:00:00.339     1M / 58M   INFO   K-mer Index Building     (kmer_index_builder.hpp    : 460)   Building perfect hash indices
  0:00:00.357     2M / 58M   INFO   K-mer Index Building     (kmer_index_builder.hpp    : 496)   Index built. Total 2299 kmers, 96680 bytes occupied (336.425 bits per kmer).
  0:00:00.358     2M / 58M   INFO    General                 (kmer_index_builder.hpp    : 191)   Merging final buckets.
  0:00:00.366     2M / 58M   INFO   DeBruijnExtensionIndexBu (kmer_extension_index_build: 101)   Building k-mer extensions from k+1-mers
  0:00:00.377     2M / 58M   INFO   DeBruijnExtensionIndexBu (kmer_extension_index_build: 106)   Building k-mer extensions from k+1-mers finished.
  0:00:00.394     1M / 58M   INFO    General                 (stage.cpp                 : 120)   PROCEDURE == Early tip clipping (id: construction:early_tip_clipper)
  0:00:00.404     1M / 58M   INFO    General                 (construction.cpp          : 298)   Early tip clipper length bound set as (RL - K)
  0:00:00.412     1M / 58M   INFO   Early tip clipping       (early_simplification.hpp  :  48)   Early tip clipping
  0:00:00.427     1M / 58M   INFO   Early tip clipping       (early_simplification.hpp  :  83)   #tipped junctions: 0
  0:00:00.443     1M / 58M   INFO   Early tip clipping       (early_simplification.hpp  :  94)   Clipped tips: 0
  0:00:00.452     1M / 58M   INFO   Early tip clipping       (early_simplification.hpp  :  50)   0 22-mers were removed by early tip clipper
  0:00:00.452     1M / 58M   INFO    General                 (stage.cpp                 : 120)   PROCEDURE == Condensing graph (id: construction:graph_condensing)
  0:00:00.452     1M / 58M   INFO   UnbranchingPathExtractor (debruijn_graph_constructor: 324)   Extracting unbranching paths
  0:00:00.453     1M / 58M   INFO   UnbranchingPathExtractor (debruijn_graph_constructor: 348)   Extracting unbranching paths finished. 25 sequences extracted
  0:00:00.454     1M / 58M   INFO   UnbranchingPathExtractor (debruijn_graph_constructor: 362)   Collecting perfect loops
  0:00:00.455     1M / 58M   INFO   UnbranchingPathExtractor (debruijn_graph_constructor: 395)   Collecting perfect loops finished. 0 loops collected
  0:00:00.455     1M / 58M   INFO   DeBruijnGraphConstructor (debruijn_graph_constructor: 597)   Sorting edges...
  0:00:00.455     1M / 58M   INFO   DeBruijnGraphConstructor (debruijn_graph_constructor: 602)   Edges sorted
  0:00:00.456     1M / 58M   INFO    General                 (debruijn_graph_constructor: 511)   Total 50 edges to create
  0:00:00.456     1M / 58M   INFO    General                 (debruijn_graph_constructor: 514)   Collecting link records
  0:00:00.457     1M / 58M   INFO    General                 (debruijn_graph_constructor: 521)   Total short graph edges: 34
  0:00:00.457     1M / 58M   INFO    General                 (debruijn_graph_constructor: 523)   Ordering link records
  0:00:00.458     1M / 58M   INFO    General                 (debruijn_graph_constructor: 529)   Sorting done
  0:00:00.458     1M / 58M   INFO    General                 (debruijn_graph_constructor: 542)   Sorting LinkRecords...
  0:00:00.458     1M / 58M   INFO    General                 (debruijn_graph_constructor: 548)   LinkRecords sorted
  0:00:00.459     1M / 58M   INFO    General                 (debruijn_graph_constructor: 550)   Total 17 vertices to create
  0:00:00.459     1M / 58M   INFO    General                 (debruijn_graph_constructor: 553)   Connecting the graph
  0:00:00.460     1M / 58M   INFO    General                 (stage.cpp                 : 120)   PROCEDURE == Filling coverage indices (PHM) (id: construction:coverage_filling_phm)
  0:00:00.460     1M / 58M   INFO   K-mer Index Building     (kmer_index_builder.hpp    : 460)   Building perfect hash indices
  0:00:00.477     2M / 58M   INFO   K-mer Index Building     (kmer_index_builder.hpp    : 496)   Index built. Total 2307 kmers, 96712 bytes occupied (335.369 bits per kmer).
  0:00:00.478     2M / 58M   INFO    General                 (coverage_hash_map_builder.:  49)   Collecting k-mer coverage information from reads, this takes a while.
  0:00:00.479     2M / 58M   INFO    General                 (construction.cpp          : 400)   Filling coverage and flanking coverage from PHM
  0:00:00.484     1M / 58M   INFO   StageManager             (stage.cpp                 : 210)   STAGE == EC Threshold Finding (id: ec_threshold_finder)
  0:00:00.485     1M / 58M   INFO    General                 (kmer_coverage_model.cpp   : 182)   Kmer coverage valley at: 0
  0:00:00.485     1M / 58M   INFO    General                 (kmer_coverage_model.cpp   : 202)   K-mer histogram maximum: 18
  0:00:00.485     1M / 58M   INFO    General                 (kmer_coverage_model.cpp   : 238)   Estimated median coverage: 18. Coverage mad: 5.9304
  0:00:00.485     1M / 58M   INFO    General                 (kmer_coverage_model.cpp   : 260)   Fitting coverage model
  0:00:00.492     1M / 58M   INFO    General                 (kmer_coverage_model.cpp   : 296)   ... iteration 2
  0:00:00.505     1M / 58M   INFO    General                 (kmer_coverage_model.cpp   : 296)   ... iteration 4
  0:00:00.590     1M / 58M   INFO    General                 (kmer_coverage_model.cpp   : 296)   ... iteration 8
  0:00:00.743     1M / 58M   INFO    General                 (kmer_coverage_model.cpp   : 296)   ... iteration 16
  0:00:01.031     1M / 58M   INFO    General                 (kmer_coverage_model.cpp   : 296)   ... iteration 32
  0:00:01.659     1M / 58M   INFO    General                 (kmer_coverage_model.cpp   : 296)   ... iteration 64
  0:00:01.724     1M / 58M   INFO    General                 (kmer_coverage_model.cpp   : 310)   Fitted mean coverage: 17.5347. Fitted coverage std. dev: 4.39241
  0:00:01.725     1M / 58M   INFO    General                 (kmer_coverage_model.cpp   : 335)   Probability of erroneous kmer at valley: 0.630045
  0:00:01.725     1M / 58M   INFO    General                 (kmer_coverage_model.cpp   : 359)   Preliminary threshold calculated as: 6
  0:00:01.726     1M / 58M   INFO    General                 (kmer_coverage_model.cpp   : 363)   Threshold adjusted to: 6
  0:00:01.726     1M / 58M   INFO    General                 (kmer_coverage_model.cpp   : 376)   Estimated genome size (ignoring repeats): 2282
  0:00:01.726     1M / 58M   INFO    General                 (genomic_info_filler.cpp   :  56)   Mean coverage was calculated as 17.5347
  0:00:01.726     1M / 58M   INFO    General                 (genomic_info_filler.cpp   :  71)   EC coverage threshold value was calculated as 6
  0:00:01.726     1M / 58M   INFO    General                 (genomic_info_filler.cpp   :  72)   Trusted kmer low bound: 0
  0:00:01.726     1M / 58M   INFO   StageManager             (stage.cpp                 : 210)   STAGE == Raw Simplification (id: raw_simplification)
  0:00:01.726     1M / 58M   INFO    General                 (simplification.cpp        : 129)   PROCEDURE == Initial cleaning
  0:00:01.726     1M / 58M   INFO    General                 (graph_simplification.hpp  : 674)   Flanking coverage based disconnection disabled
  0:00:01.726     1M / 58M   INFO   Simplification           (parallel_processing.hpp   : 168)   Running Self conjugate edge remover
  0:00:01.727     1M / 58M   INFO   Simplification           (parallel_processing.hpp   : 171)   Self conjugate edge remover triggered 0 times
  0:00:01.727     1M / 58M   INFO   StageManager             (stage.cpp                 : 210)   STAGE == Simplification (id: simplification)
  0:00:01.728     1M / 58M   INFO    General                 (simplification.cpp        : 397)   Graph simplification started
  0:00:01.728     1M / 58M   INFO    General                 (graph_simplification.hpp  : 646)   Creating parallel br instance
  0:00:01.728     1M / 58M   INFO    General                 (simplification.cpp        : 402)   PROCEDURE == Simplification cycle, iteration 1
  0:00:01.728     1M / 58M   INFO   Simplification           (parallel_processing.hpp   : 168)   Running Tip clipper
  0:00:01.728     1M / 58M   INFO   Simplification           (parallel_processing.hpp   : 171)   Tip clipper triggered 0 times
  0:00:01.729     1M / 58M   INFO   Simplification           (parallel_processing.hpp   : 168)   Running Bulge remover
  0:00:01.729     1M / 58M   INFO   Simplification           (parallel_processing.hpp   : 171)   Bulge remover triggered 3 times
  0:00:01.729     1M / 58M   INFO   Simplification           (parallel_processing.hpp   : 168)   Running Low coverage edge remover
  0:00:01.730     1M / 58M   INFO   Simplification           (parallel_processing.hpp   : 171)   Low coverage edge remover triggered 0 times
  0:00:01.730     1M / 58M   INFO    General                 (simplification.cpp        : 402)   PROCEDURE == Simplification cycle, iteration 2
  0:00:01.731     1M / 58M   INFO   Simplification           (parallel_processing.hpp   : 168)   Running Tip clipper
  0:00:01.731     1M / 58M   INFO   Simplification           (parallel_processing.hpp   : 171)   Tip clipper triggered 0 times
  0:00:01.732     1M / 58M   INFO   Simplification           (parallel_processing.hpp   : 168)   Running Bulge remover
  0:00:01.732     1M / 58M   INFO   Simplification           (parallel_processing.hpp   : 171)   Bulge remover triggered 0 times
  0:00:01.733     1M / 58M   INFO   Simplification           (parallel_processing.hpp   : 168)   Running Low coverage edge remover
  0:00:01.735     1M / 58M   INFO   Simplification           (parallel_processing.hpp   : 171)   Low coverage edge remover triggered 0 times
  0:00:01.735     1M / 58M   INFO    General                 (simplification.cpp        : 402)   PROCEDURE == Simplification cycle, iteration 3
  0:00:01.736     1M / 58M   INFO   Simplification           (parallel_processing.hpp   : 168)   Running Tip clipper
  0:00:01.736     1M / 58M   INFO   Simplification           (parallel_processing.hpp   : 171)   Tip clipper triggered 0 times
  0:00:01.736     1M / 58M   INFO   Simplification           (parallel_processing.hpp   : 168)   Running Bulge remover
  0:00:01.736     1M / 58M   INFO   Simplification           (parallel_processing.hpp   : 171)   Bulge remover triggered 0 times
  0:00:01.737     1M / 58M   INFO   Simplification           (parallel_processing.hpp   : 168)   Running Low coverage edge remover
  0:00:01.737     1M / 58M   INFO   Simplification           (parallel_processing.hpp   : 171)   Low coverage edge remover triggered 0 times
  0:00:01.737     1M / 58M   INFO    General                 (simplification.cpp        : 402)   PROCEDURE == Simplification cycle, iteration 4
  0:00:01.738     1M / 58M   INFO   Simplification           (parallel_processing.hpp   : 168)   Running Tip clipper
  0:00:01.738     1M / 58M   INFO   Simplification           (parallel_processing.hpp   : 171)   Tip clipper triggered 0 times
  0:00:01.738     1M / 58M   INFO   Simplification           (parallel_processing.hpp   : 168)   Running Bulge remover
  0:00:01.740     1M / 58M   INFO   Simplification           (parallel_processing.hpp   : 171)   Bulge remover triggered 0 times
  0:00:01.740     1M / 58M   INFO   Simplification           (parallel_processing.hpp   : 168)   Running Low coverage edge remover
  0:00:01.741     1M / 58M   INFO   Simplification           (parallel_processing.hpp   : 171)   Low coverage edge remover triggered 0 times
  0:00:01.741     1M / 58M   INFO    General                 (simplification.cpp        : 402)   PROCEDURE == Simplification cycle, iteration 5
  0:00:01.741     1M / 58M   INFO   Simplification           (parallel_processing.hpp   : 168)   Running Tip clipper
  0:00:01.742     1M / 58M   INFO   Simplification           (parallel_processing.hpp   : 171)   Tip clipper triggered 0 times
  0:00:01.742     1M / 58M   INFO   Simplification           (parallel_processing.hpp   : 168)   Running Bulge remover
  0:00:01.742     1M / 58M   INFO   Simplification           (parallel_processing.hpp   : 171)   Bulge remover triggered 0 times
  0:00:01.743     1M / 58M   INFO   Simplification           (parallel_processing.hpp   : 168)   Running Low coverage edge remover
  0:00:01.743     1M / 58M   INFO   Simplification           (parallel_processing.hpp   : 171)   Low coverage edge remover triggered 0 times
  0:00:01.744     1M / 58M   INFO    General                 (simplification.cpp        : 402)   PROCEDURE == Simplification cycle, iteration 6
  0:00:01.744     1M / 58M   INFO   Simplification           (parallel_processing.hpp   : 168)   Running Tip clipper
  0:00:01.745     1M / 58M   INFO   Simplification           (parallel_processing.hpp   : 171)   Tip clipper triggered 0 times
  0:00:01.746     1M / 58M   INFO   Simplification           (parallel_processing.hpp   : 168)   Running Bulge remover
  0:00:01.747     1M / 58M   INFO   Simplification           (parallel_processing.hpp   : 171)   Bulge remover triggered 0 times
  0:00:01.747     1M / 58M   INFO   Simplification           (parallel_processing.hpp   : 168)   Running Low coverage edge remover
  0:00:01.748     1M / 58M   INFO   Simplification           (parallel_processing.hpp   : 171)   Low coverage edge remover triggered 0 times
  0:00:01.748     1M / 58M   INFO    General                 (simplification.cpp        : 402)   PROCEDURE == Simplification cycle, iteration 7
  0:00:01.748     1M / 58M   INFO   Simplification           (parallel_processing.hpp   : 168)   Running Tip clipper
  0:00:01.749     1M / 58M   INFO   Simplification           (parallel_processing.hpp   : 171)   Tip clipper triggered 0 times
  0:00:01.749     1M / 58M   INFO   Simplification           (parallel_processing.hpp   : 168)   Running Bulge remover
  0:00:01.749     1M / 58M   INFO   Simplification           (parallel_processing.hpp   : 171)   Bulge remover triggered 0 times
  0:00:01.750     1M / 58M   INFO   Simplification           (parallel_processing.hpp   : 168)   Running Low coverage edge remover
  0:00:01.750     1M / 58M   INFO   Simplification           (parallel_processing.hpp   : 171)   Low coverage edge remover triggered 0 times
  0:00:01.751     1M / 58M   INFO    General                 (simplification.cpp        : 402)   PROCEDURE == Simplification cycle, iteration 8
  0:00:01.752     1M / 58M   INFO   Simplification           (parallel_processing.hpp   : 168)   Running Tip clipper
  0:00:01.753     1M / 58M   INFO   Simplification           (parallel_processing.hpp   : 171)   Tip clipper triggered 0 times
  0:00:01.753     1M / 58M   INFO   Simplification           (parallel_processing.hpp   : 168)   Running Bulge remover
  0:00:01.753     1M / 58M   INFO   Simplification           (parallel_processing.hpp   : 171)   Bulge remover triggered 0 times
  0:00:01.753     1M / 58M   INFO   Simplification           (parallel_processing.hpp   : 168)   Running Low coverage edge remover
  0:00:01.754     1M / 58M   INFO   Simplification           (parallel_processing.hpp   : 171)   Low coverage edge remover triggered 0 times
  0:00:01.754     1M / 58M   INFO    General                 (simplification.cpp        : 402)   PROCEDURE == Simplification cycle, iteration 9
  0:00:01.754     1M / 58M   INFO   Simplification           (parallel_processing.hpp   : 168)   Running Tip clipper
  0:00:01.754     1M / 58M   INFO   Simplification           (parallel_processing.hpp   : 171)   Tip clipper triggered 0 times
  0:00:01.754     1M / 58M   INFO   Simplification           (parallel_processing.hpp   : 168)   Running Bulge remover
  0:00:01.754     1M / 58M   INFO   Simplification           (parallel_processing.hpp   : 171)   Bulge remover triggered 0 times
  0:00:01.755     1M / 58M   INFO   Simplification           (parallel_processing.hpp   : 168)   Running Low coverage edge remover
  0:00:01.757     1M / 58M   INFO   Simplification           (parallel_processing.hpp   : 171)   Low coverage edge remover triggered 0 times
  0:00:01.758     1M / 58M   INFO    General                 (simplification.cpp        : 402)   PROCEDURE == Simplification cycle, iteration 10
  0:00:01.760     1M / 58M   INFO   Simplification           (parallel_processing.hpp   : 168)   Running Tip clipper
  0:00:01.760     1M / 58M   INFO   Simplification           (parallel_processing.hpp   : 171)   Tip clipper triggered 0 times
  0:00:01.760     1M / 58M   INFO   Simplification           (parallel_processing.hpp   : 168)   Running Bulge remover
  0:00:01.761     1M / 58M   INFO   Simplification           (parallel_processing.hpp   : 171)   Bulge remover triggered 0 times
  0:00:01.762     1M / 58M   INFO   Simplification           (parallel_processing.hpp   : 168)   Running Low coverage edge remover
  0:00:01.762     1M / 58M   INFO   Simplification           (parallel_processing.hpp   : 171)   Low coverage edge remover triggered 0 times
  0:00:01.762     1M / 58M   INFO    General                 (simplification.cpp        : 402)   PROCEDURE == Simplification cycle, iteration 11
  0:00:01.762     1M / 58M   INFO   Simplification           (parallel_processing.hpp   : 168)   Running Tip clipper
  0:00:01.763     1M / 58M   INFO   Simplification           (parallel_processing.hpp   : 171)   Tip clipper triggered 0 times
  0:00:01.763     1M / 58M   INFO   Simplification           (parallel_processing.hpp   : 168)   Running Bulge remover
  0:00:01.763     1M / 58M   INFO   Simplification           (parallel_processing.hpp   : 171)   Bulge remover triggered 0 times
  0:00:01.764     1M / 58M   INFO   Simplification           (parallel_processing.hpp   : 168)   Running Low coverage edge remover
  0:00:01.764     1M / 58M   INFO   Simplification           (parallel_processing.hpp   : 171)   Low coverage edge remover triggered 0 times
  0:00:01.765     1M / 58M   INFO   StageManager             (stage.cpp                 : 210)   STAGE == Simplification Cleanup (id: simplification_cleanup)
  0:00:01.765     1M / 58M   INFO    General                 (simplification.cpp        : 189)   PROCEDURE == Post simplification
  0:00:01.766     1M / 58M   INFO    General                 (graph_simplification.hpp  : 455)   Disconnection of relatively low covered edges disabled
  0:00:01.766     1M / 58M   INFO    General                 (graph_simplification.hpp  : 494)   Complex tip clipping disabled
  0:00:01.766     1M / 58M   INFO    General                 (graph_simplification.hpp  : 646)   Creating parallel br instance
  0:00:01.767     1M / 58M   INFO   Simplification           (parallel_processing.hpp   : 168)   Running Tip clipper
  0:00:01.767     1M / 58M   INFO   Simplification           (parallel_processing.hpp   : 171)   Tip clipper triggered 0 times
  0:00:01.768     1M / 58M   INFO   Simplification           (parallel_processing.hpp   : 168)   Running Bulge remover
  0:00:01.769     1M / 58M   INFO   Simplification           (parallel_processing.hpp   : 171)   Bulge remover triggered 0 times
  0:00:01.771     1M / 58M   INFO   Simplification           (parallel_processing.hpp   : 168)   Running Tip clipper
  0:00:01.772     1M / 58M   INFO   Simplification           (parallel_processing.hpp   : 171)   Tip clipper triggered 0 times
  0:00:01.774     1M / 58M   INFO   Simplification           (parallel_processing.hpp   : 168)   Running Bulge remover
  0:00:01.775     1M / 58M   INFO   Simplification           (parallel_processing.hpp   : 171)   Bulge remover triggered 0 times
  0:00:01.775     1M / 58M   INFO    General                 (simplification.cpp        : 348)   Disrupting self-conjugate edges
  0:00:01.776     1M / 58M   INFO   Simplification           (parallel_processing.hpp   : 168)   Running Removing isolated edges
  0:00:01.776     1M / 58M   INFO   Simplification           (parallel_processing.hpp   : 171)   Removing isolated edges triggered 0 times
  0:00:01.777     1M / 58M   INFO    General                 (simplification.cpp        : 508)   After simplification:
  0:00:01.778     1M / 58M   INFO    General                 (simplification.cpp        : 509)     Average coverage = 19.6833
  0:00:01.778     1M / 58M   INFO    General                 (simplification.cpp        : 510)     Total length = 2210
  0:00:01.779     1M / 58M   INFO    General                 (simplification.cpp        : 511)     Median edge length: 456
  0:00:01.779     1M / 58M   INFO    General                 (simplification.cpp        : 512)     Edges: 32
  0:00:01.780     1M / 58M   INFO    General                 (simplification.cpp        : 513)     Vertices: 22
  0:00:01.780     1M / 58M   INFO   StageManager             (stage.cpp                 : 210)   STAGE == Contig Output (id: contig_output)
  0:00:01.783     1M / 58M   INFO    General                 (read_converter.cpp        : 135)   Outputting contigs to "/home/neel/bioinfo_project/massembly1/K21/simplified_contigs"
  0:00:01.790     4M / 58M   INFO    General                 (binary_converter.cpp      : 143)   16 reads written
  0:00:01.793     1M / 58M   INFO    General                 (pipeline.cpp              : 305)   SPAdes finished
  0:00:01.794     1M / 58M   INFO    General                 (main.cpp                  : 131)   Assembling time: 0 hours 0 minutes 1 seconds

===== K21 finished. 


===== K33 started. 


== Running: /home/neel/SPAdes-4.3.0-Linux/bin/spades-core /home/neel/bioinfo_project/massembly1/K33/configs/config.info /home/neel/bioinfo_project/massembly1/K33/configs/isolate_mode.info

  0:00:00.000     1M / 21M   INFO    General                 (main.cpp                  :  94)   Loaded config from "/home/neel/bioinfo_project/massembly1/K33/configs/config.info"
  0:00:00.008     1M / 21M   INFO    General                 (main.cpp                  :  94)   Loaded config from "/home/neel/bioinfo_project/massembly1/K33/configs/isolate_mode.info"
  0:00:00.008     1M / 21M   INFO    General                 (memory_limit.cpp          :  55)   Memory limit set to 3 Gb
  0:00:00.008     1M / 21M   INFO    General                 (main.cpp                  : 102)   Starting SPAdes, built from N/A, git revision a7f6e55b69f6b8eb87dfd7b014e22fc324a8a01b
  0:00:00.008     1M / 21M   INFO    General                 (main.cpp                  : 103)   Maximum k-mer length: 128
  0:00:00.009     1M / 21M   INFO    General                 (main.cpp                  : 104)   Assembling dataset ("/home/neel/bioinfo_project/massembly1/dataset.info") with K=33
  0:00:00.009     1M / 21M   INFO    General                 (main.cpp                  : 105)   Maximum # of threads to use (adjusted due to OMP capabilities): 12
  0:00:00.009     1M / 21M   INFO    General                 (pipeline.cpp              : 221)   SPAdes started
  0:00:00.009     1M / 21M   INFO    General                 (pipeline.cpp              : 234)   Starting from stage: read_conversion
  0:00:00.009     1M / 21M   INFO    General                 (pipeline.cpp              : 245)   Two-step repeat resolution disabled
  0:00:00.009     1M / 21M   INFO   GraphCore                (graph_core.hpp            : 582)   Graph created, vertex min_id: 3, edge min_id: 3
  0:00:00.010     1M / 21M   INFO   GraphCore                (graph_core.hpp            : 583)   Vertex size: 48, edge size: 40
  0:00:00.011     1M / 21M   INFO    General                 (edge_index.hpp            : 132)   Size of edge index entries: 12/8
  0:00:00.011     1M / 21M   INFO    General                 (pipeline.cpp              : 256)   Will need read mapping, kmer mapper will be attached
  0:00:00.012     1M / 21M   INFO   StageManager             (stage.cpp                 : 210)   STAGE == Binary Read Conversion (id: read_conversion)
  0:00:00.013     1M / 21M   INFO    General                 (read_converter.cpp        :  57)   Binary reads detected
  0:00:00.026     1M / 21M   INFO   StageManager             (stage.cpp                 : 210)   STAGE == de Bruijn graph construction (id: construction)
  0:00:00.027     1M / 21M   INFO    General                 (construction.cpp          : 115)   Contigs from previous K will be used: /home/neel/bioinfo_project/massembly1/K21/simplified_contigs
  0:00:00.029     1M / 21M   INFO    General                 (construction.cpp          : 150)   Max read length 50
  0:00:00.031     1M / 21M   INFO    General                 (construction.cpp          : 156)   Average read length 50
  0:00:00.031     1M / 21M   INFO    General                 (stage.cpp                 : 120)   PROCEDURE == k+1-mer counting (id: construction:kpomer_counting)
  0:00:00.031     1M / 21M   INFO    General                 (kmer_index_builder.hpp    : 308)   Splitting kmer instances into 120 files using 12 threads. This might take a while.
  0:00:00.039     1M / 21M   INFO    General                 (file_limit.hpp            :  43)   Open file limit set to 1048576
  0:00:00.041     1M / 21M   INFO    General                 (kmer_splitter.hpp         :  96)   Memory available for splitting buffers: 0.0833261 Gb
  0:00:00.041     1M / 21M   INFO    General                 (kmer_splitter.hpp         : 104)   Using cell size of 46599
  0:00:00.097     1M / 21M   INFO    General                 (kmer_splitters.hpp        : 134)   Used 3032 reads
  0:00:00.104     1M / 21M   INFO    General                 (kmer_index_builder.hpp    : 314)   Starting k-mer counting.
  0:00:00.123     1M / 21M   INFO    General                 (kmer_index_builder.hpp    : 325)   K-mer counting done. There are 2375 kmers in total.
  0:00:00.131     1M / 21M   INFO    General                 (stage.cpp                 : 120)   PROCEDURE == Extension index construction (id: construction:extension_index_construction)
  0:00:00.142     1M / 21M   INFO   K-mer Index Building     (kmer_index_builder.hpp    : 503)   Building kmer index
  0:00:00.147     1M / 21M   INFO    General                 (kmer_index_builder.hpp    : 308)   Splitting kmer instances into 120 files using 12 threads. This might take a while.
  0:00:00.158     1M / 21M   INFO    General                 (file_limit.hpp            :  43)   Open file limit set to 1048576
  0:00:00.159     1M / 21M   INFO    General                 (kmer_splitter.hpp         :  96)   Memory available for splitting buffers: 0.0833101 Gb
  0:00:00.160     1M / 21M   INFO    General                 (kmer_splitter.hpp         : 104)   Using cell size of 46590
  0:00:00.192  1171M / 1171M INFO    General                 (kmer_splitters.hpp        : 197)   Processed 2375 kmers
  0:00:00.193  1171M / 1171M INFO    General                 (kmer_splitters.hpp        : 202)   Used 2375 kmers.
  0:00:00.194     1M / 21M   INFO    General                 (kmer_index_builder.hpp    : 314)   Starting k-mer counting.
  0:00:00.225     1M / 21M   INFO    General                 (kmer_index_builder.hpp    : 325)   K-mer counting done. There are 2371 kmers in total.
  0:00:00.225     1M / 21M   INFO   K-mer Index Building     (kmer_index_builder.hpp    : 460)   Building perfect hash indices
  0:00:00.254     2M / 21M   INFO   K-mer Index Building     (kmer_index_builder.hpp    : 496)   Index built. Total 2371 kmers, 96696 bytes occupied (326.262 bits per kmer).
  0:00:00.255     2M / 21M   INFO    General                 (kmer_index_builder.hpp    : 191)   Merging final buckets.
  0:00:00.264     2M / 21M   INFO   DeBruijnExtensionIndexBu (kmer_extension_index_build: 101)   Building k-mer extensions from k+1-mers
  0:00:00.271     2M / 21M   INFO   DeBruijnExtensionIndexBu (kmer_extension_index_build: 106)   Building k-mer extensions from k+1-mers finished.
  0:00:00.278     1M / 21M   INFO    General                 (stage.cpp                 : 120)   PROCEDURE == Condensing graph (id: construction:graph_condensing)
  0:00:00.279     1M / 21M   INFO   UnbranchingPathExtractor (debruijn_graph_constructor: 324)   Extracting unbranching paths
  0:00:00.280     1M / 21M   INFO   UnbranchingPathExtractor (debruijn_graph_constructor: 348)   Extracting unbranching paths finished. 15 sequences extracted
  0:00:00.280     1M / 21M   INFO   UnbranchingPathExtractor (debruijn_graph_constructor: 362)   Collecting perfect loops
  0:00:00.281     1M / 21M   INFO   UnbranchingPathExtractor (debruijn_graph_constructor: 395)   Collecting perfect loops finished. 0 loops collected
  0:00:00.281     1M / 21M   INFO   DeBruijnGraphConstructor (debruijn_graph_constructor: 597)   Sorting edges...
  0:00:00.281     1M / 21M   INFO   DeBruijnGraphConstructor (debruijn_graph_constructor: 602)   Edges sorted
  0:00:00.282     1M / 21M   INFO    General                 (debruijn_graph_constructor: 511)   Total 30 edges to create
  0:00:00.283     1M / 21M   INFO    General                 (debruijn_graph_constructor: 514)   Collecting link records
  0:00:00.284     1M / 21M   INFO    General                 (debruijn_graph_constructor: 521)   Total short graph edges: 16
  0:00:00.284     1M / 21M   INFO    General                 (debruijn_graph_constructor: 523)   Ordering link records
  0:00:00.285     1M / 21M   INFO    General                 (debruijn_graph_constructor: 529)   Sorting done
  0:00:00.285     1M / 21M   INFO    General                 (debruijn_graph_constructor: 542)   Sorting LinkRecords...
  0:00:00.285     1M / 21M   INFO    General                 (debruijn_graph_constructor: 548)   LinkRecords sorted
  0:00:00.286     1M / 21M   INFO    General                 (debruijn_graph_constructor: 550)   Total 11 vertices to create
  0:00:00.286     1M / 21M   INFO    General                 (debruijn_graph_constructor: 553)   Connecting the graph
  0:00:00.287     1M / 21M   INFO    General                 (stage.cpp                 : 120)   PROCEDURE == Filling coverage indices (PHM) (id: construction:coverage_filling_phm)
  0:00:00.287     1M / 21M   INFO   K-mer Index Building     (kmer_index_builder.hpp    : 460)   Building perfect hash indices
  0:00:00.317     2M / 21M   INFO   K-mer Index Building     (kmer_index_builder.hpp    : 496)   Index built. Total 2375 kmers, 96768 bytes occupied (325.955 bits per kmer).
  0:00:00.323     2M / 21M   INFO    General                 (coverage_hash_map_builder.:  49)   Collecting k-mer coverage information from reads, this takes a while.
  0:00:00.339     2M / 21M   INFO    General                 (construction.cpp          : 400)   Filling coverage and flanking coverage from PHM
  0:00:00.360     1M / 21M   INFO   StageManager             (stage.cpp                 : 210)   STAGE == EC Threshold Finding (id: ec_threshold_finder)
  0:00:00.363     1M / 21M   INFO    General                 (kmer_coverage_model.cpp   : 182)   Kmer coverage valley at: 0
  0:00:00.371     1M / 21M   INFO    General                 (kmer_coverage_model.cpp   : 202)   K-mer histogram maximum: 10
  0:00:00.379     1M / 21M   INFO    General                 (kmer_coverage_model.cpp   : 238)   Estimated median coverage: 10. Coverage mad: 4.4478
  0:00:00.387     1M / 21M   INFO    General                 (kmer_coverage_model.cpp   : 260)   Fitting coverage model
  0:00:00.401     1M / 21M   INFO    General                 (kmer_coverage_model.cpp   : 296)   ... iteration 2
  0:00:00.415     1M / 21M   INFO    General                 (kmer_coverage_model.cpp   : 296)   ... iteration 4
  0:00:00.460     1M / 21M   INFO    General                 (kmer_coverage_model.cpp   : 296)   ... iteration 8
  0:00:00.539     1M / 21M   INFO    General                 (kmer_coverage_model.cpp   : 296)   ... iteration 16
  0:00:00.682     1M / 21M   INFO    General                 (kmer_coverage_model.cpp   : 296)   ... iteration 32
  0:00:00.949     1M / 21M   INFO    General                 (kmer_coverage_model.cpp   : 296)   ... iteration 64
  0:00:01.472     1M / 21M   INFO    General                 (kmer_coverage_model.cpp   : 296)   ... iteration 128
  0:00:02.492     1M / 21M   INFO    General                 (kmer_coverage_model.cpp   : 296)   ... iteration 256
  0:00:04.563     1M / 21M   INFO    General                 (kmer_coverage_model.cpp   : 296)   ... iteration 512
  0:00:08.486     1M / 21M   INFO    General                 (kmer_coverage_model.cpp   : 296)   ... iteration 1024
  0:00:12.709     1M / 21M   INFO    General                 (kmer_coverage_model.cpp   : 310)   Fitted mean coverage: 10.2887. Fitted coverage std. dev: 3.23767
  0:00:12.709     1M / 21M   INFO    General                 (kmer_coverage_model.cpp   : 335)   Probability of erroneous kmer at valley: 9.39152e-05
  0:00:12.710     1M / 21M   INFO    General                 (kmer_coverage_model.cpp   : 359)   Preliminary threshold calculated as: 1
  0:00:12.710     1M / 21M   INFO    General                 (kmer_coverage_model.cpp   : 363)   Threshold adjusted to: 1
  0:00:12.710     1M / 21M   INFO    General                 (kmer_coverage_model.cpp   : 376)   Estimated genome size (ignoring repeats): 2375
  0:00:12.710     1M / 21M   INFO    General                 (genomic_info_filler.cpp   :  56)   Mean coverage was calculated as 10.2887
  0:00:12.710     1M / 21M   INFO    General                 (genomic_info_filler.cpp   :  71)   EC coverage threshold value was calculated as 1
  0:00:12.710     1M / 21M   INFO    General                 (genomic_info_filler.cpp   :  72)   Trusted kmer low bound: 0
  0:00:12.710     1M / 21M   INFO   StageManager             (stage.cpp                 : 210)   STAGE == Gap Closer (id: early_gapcloser)
  0:00:12.710     1M / 21M   INFO    General                 (gap_closer.cpp            : 484)   No paired-end libraries exist, skipping gap closer
  0:00:12.710     1M / 21M   INFO   StageManager             (stage.cpp                 : 210)   STAGE == Raw Simplification (id: raw_simplification)
  0:00:12.710     1M / 21M   INFO    General                 (simplification.cpp        : 129)   PROCEDURE == Initial cleaning
  0:00:12.710     1M / 21M   INFO    General                 (simplification.cpp        :  63)   Most init cleaning disabled on main iteration
  0:00:12.710     1M / 21M   INFO   Simplification           (parallel_processing.hpp   : 168)   Running Self conjugate edge remover
  0:00:12.710     1M / 21M   INFO   Simplification           (parallel_processing.hpp   : 171)   Self conjugate edge remover triggered 0 times
  0:00:12.710     1M / 21M   INFO   StageManager             (stage.cpp                 : 210)   STAGE == Simplification (id: simplification)
  0:00:12.710     1M / 21M   INFO    General                 (simplification.cpp        : 397)   Graph simplification started
  0:00:12.710     1M / 21M   INFO    General                 (graph_simplification.hpp  : 646)   Creating parallel br instance
  0:00:12.710     1M / 21M   INFO    General                 (simplification.cpp        : 402)   PROCEDURE == Simplification cycle, iteration 1
  0:00:12.710     1M / 21M   INFO   Simplification           (parallel_processing.hpp   : 168)   Running Tip clipper
  0:00:12.710     1M / 21M   INFO   Simplification           (parallel_processing.hpp   : 171)   Tip clipper triggered 0 times
  0:00:12.710     1M / 21M   INFO   Simplification           (parallel_processing.hpp   : 168)   Running Bulge remover
  0:00:12.710     1M / 21M   INFO   Simplification           (parallel_processing.hpp   : 171)   Bulge remover triggered 0 times
  0:00:12.711     1M / 21M   INFO   Simplification           (parallel_processing.hpp   : 168)   Running Low coverage edge remover
  0:00:12.711     1M / 21M   INFO   Simplification           (parallel_processing.hpp   : 171)   Low coverage edge remover triggered 0 times
  0:00:12.711     1M / 21M   INFO    General                 (simplification.cpp        : 402)   PROCEDURE == Simplification cycle, iteration 2
  0:00:12.711     1M / 21M   INFO   Simplification           (parallel_processing.hpp   : 168)   Running Tip clipper
  0:00:12.711     1M / 21M   INFO   Simplification           (parallel_processing.hpp   : 171)   Tip clipper triggered 0 times
  0:00:12.711     1M / 21M   INFO   Simplification           (parallel_processing.hpp   : 168)   Running Bulge remover
  0:00:12.711     1M / 21M   INFO   Simplification           (parallel_processing.hpp   : 171)   Bulge remover triggered 0 times
  0:00:12.711     1M / 21M   INFO   Simplification           (parallel_processing.hpp   : 168)   Running Low coverage edge remover
  0:00:12.711     1M / 21M   INFO   Simplification           (parallel_processing.hpp   : 171)   Low coverage edge remover triggered 0 times
  0:00:12.711     1M / 21M   INFO    General                 (simplification.cpp        : 402)   PROCEDURE == Simplification cycle, iteration 3
  0:00:12.711     1M / 21M   INFO   Simplification           (parallel_processing.hpp   : 168)   Running Tip clipper
  0:00:12.711     1M / 21M   INFO   Simplification           (parallel_processing.hpp   : 171)   Tip clipper triggered 0 times
  0:00:12.711     1M / 21M   INFO   Simplification           (parallel_processing.hpp   : 168)   Running Bulge remover
  0:00:12.711     1M / 21M   INFO   Simplification           (parallel_processing.hpp   : 171)   Bulge remover triggered 0 times
  0:00:12.711     1M / 21M   INFO   Simplification           (parallel_processing.hpp   : 168)   Running Low coverage edge remover
  0:00:12.711     1M / 21M   INFO   Simplification           (parallel_processing.hpp   : 171)   Low coverage edge remover triggered 0 times
  0:00:12.711     1M / 21M   INFO    General                 (simplification.cpp        : 402)   PROCEDURE == Simplification cycle, iteration 4
  0:00:12.711     1M / 21M   INFO   Simplification           (parallel_processing.hpp   : 168)   Running Tip clipper
  0:00:12.711     1M / 21M   INFO   Simplification           (parallel_processing.hpp   : 171)   Tip clipper triggered 0 times
  0:00:12.711     1M / 21M   INFO   Simplification           (parallel_processing.hpp   : 168)   Running Bulge remover
  0:00:12.711     1M / 21M   INFO   Simplification           (parallel_processing.hpp   : 171)   Bulge remover triggered 0 times
  0:00:12.711     1M / 21M   INFO   Simplification           (parallel_processing.hpp   : 168)   Running Low coverage edge remover
  0:00:12.711     1M / 21M   INFO   Simplification           (parallel_processing.hpp   : 171)   Low coverage edge remover triggered 0 times
  0:00:12.711     1M / 21M   INFO    General                 (simplification.cpp        : 402)   PROCEDURE == Simplification cycle, iteration 5
  0:00:12.711     1M / 21M   INFO   Simplification           (parallel_processing.hpp   : 168)   Running Tip clipper
  0:00:12.711     1M / 21M   INFO   Simplification           (parallel_processing.hpp   : 171)   Tip clipper triggered 0 times
  0:00:12.711     1M / 21M   INFO   Simplification           (parallel_processing.hpp   : 168)   Running Bulge remover
  0:00:12.711     1M / 21M   INFO   Simplification           (parallel_processing.hpp   : 171)   Bulge remover triggered 0 times
  0:00:12.711     1M / 21M   INFO   Simplification           (parallel_processing.hpp   : 168)   Running Low coverage edge remover
  0:00:12.711     1M / 21M   INFO   Simplification           (parallel_processing.hpp   : 171)   Low coverage edge remover triggered 0 times
  0:00:12.711     1M / 21M   INFO    General                 (simplification.cpp        : 402)   PROCEDURE == Simplification cycle, iteration 6
  0:00:12.711     1M / 21M   INFO   Simplification           (parallel_processing.hpp   : 168)   Running Tip clipper
  0:00:12.711     1M / 21M   INFO   Simplification           (parallel_processing.hpp   : 171)   Tip clipper triggered 0 times
  0:00:12.711     1M / 21M   INFO   Simplification           (parallel_processing.hpp   : 168)   Running Bulge remover
  0:00:12.711     1M / 21M   INFO   Simplification           (parallel_processing.hpp   : 171)   Bulge remover triggered 0 times
  0:00:12.711     1M / 21M   INFO   Simplification           (parallel_processing.hpp   : 168)   Running Low coverage edge remover
  0:00:12.711     1M / 21M   INFO   Simplification           (parallel_processing.hpp   : 171)   Low coverage edge remover triggered 0 times
  0:00:12.711     1M / 21M   INFO    General                 (simplification.cpp        : 402)   PROCEDURE == Simplification cycle, iteration 7
  0:00:12.711     1M / 21M   INFO   Simplification           (parallel_processing.hpp   : 168)   Running Tip clipper
  0:00:12.711     1M / 21M   INFO   Simplification           (parallel_processing.hpp   : 171)   Tip clipper triggered 0 times
  0:00:12.711     1M / 21M   INFO   Simplification           (parallel_processing.hpp   : 168)   Running Bulge remover
  0:00:12.711     1M / 21M   INFO   Simplification           (parallel_processing.hpp   : 171)   Bulge remover triggered 0 times
  0:00:12.711     1M / 21M   INFO   Simplification           (parallel_processing.hpp   : 168)   Running Low coverage edge remover
  0:00:12.711     1M / 21M   INFO   Simplification           (parallel_processing.hpp   : 171)   Low coverage edge remover triggered 0 times
  0:00:12.712     1M / 21M   INFO    General                 (simplification.cpp        : 402)   PROCEDURE == Simplification cycle, iteration 8
  0:00:12.712     1M / 21M   INFO   Simplification           (parallel_processing.hpp   : 168)   Running Tip clipper
  0:00:12.712     1M / 21M   INFO   Simplification           (parallel_processing.hpp   : 171)   Tip clipper triggered 0 times
  0:00:12.712     1M / 21M   INFO   Simplification           (parallel_processing.hpp   : 168)   Running Bulge remover
  0:00:12.712     1M / 21M   INFO   Simplification           (parallel_processing.hpp   : 171)   Bulge remover triggered 0 times
  0:00:12.712     1M / 21M   INFO   Simplification           (parallel_processing.hpp   : 168)   Running Low coverage edge remover
  0:00:12.712     1M / 21M   INFO   Simplification           (parallel_processing.hpp   : 171)   Low coverage edge remover triggered 0 times
  0:00:12.712     1M / 21M   INFO    General                 (simplification.cpp        : 402)   PROCEDURE == Simplification cycle, iteration 9
  0:00:12.712     1M / 21M   INFO   Simplification           (parallel_processing.hpp   : 168)   Running Tip clipper
  0:00:12.712     1M / 21M   INFO   Simplification           (parallel_processing.hpp   : 171)   Tip clipper triggered 0 times
  0:00:12.712     1M / 21M   INFO   Simplification           (parallel_processing.hpp   : 168)   Running Bulge remover
  0:00:12.712     1M / 21M   INFO   Simplification           (parallel_processing.hpp   : 171)   Bulge remover triggered 0 times
  0:00:12.712     1M / 21M   INFO   Simplification           (parallel_processing.hpp   : 168)   Running Low coverage edge remover
  0:00:12.712     1M / 21M   INFO   Simplification           (parallel_processing.hpp   : 171)   Low coverage edge remover triggered 0 times
  0:00:12.712     1M / 21M   INFO    General                 (simplification.cpp        : 402)   PROCEDURE == Simplification cycle, iteration 10
  0:00:12.712     1M / 21M   INFO   Simplification           (parallel_processing.hpp   : 168)   Running Tip clipper
  0:00:12.712     1M / 21M   INFO   Simplification           (parallel_processing.hpp   : 171)   Tip clipper triggered 0 times
  0:00:12.712     1M / 21M   INFO   Simplification           (parallel_processing.hpp   : 168)   Running Bulge remover
  0:00:12.712     1M / 21M   INFO   Simplification           (parallel_processing.hpp   : 171)   Bulge remover triggered 0 times
  0:00:12.712     1M / 21M   INFO   Simplification           (parallel_processing.hpp   : 168)   Running Low coverage edge remover
  0:00:12.712     1M / 21M   INFO   Simplification           (parallel_processing.hpp   : 171)   Low coverage edge remover triggered 0 times
  0:00:12.712     1M / 21M   INFO    General                 (simplification.cpp        : 402)   PROCEDURE == Simplification cycle, iteration 11
  0:00:12.712     1M / 21M   INFO   Simplification           (parallel_processing.hpp   : 168)   Running Tip clipper
  0:00:12.712     1M / 21M   INFO   Simplification           (parallel_processing.hpp   : 171)   Tip clipper triggered 0 times
  0:00:12.712     1M / 21M   INFO   Simplification           (parallel_processing.hpp   : 168)   Running Bulge remover
  0:00:12.713     1M / 21M   INFO   Simplification           (parallel_processing.hpp   : 171)   Bulge remover triggered 0 times
  0:00:12.717     1M / 21M   INFO   Simplification           (parallel_processing.hpp   : 168)   Running Low coverage edge remover
  0:00:12.717     1M / 21M   INFO   Simplification           (parallel_processing.hpp   : 171)   Low coverage edge remover triggered 0 times
  0:00:12.719     1M / 21M   INFO   StageManager             (stage.cpp                 : 210)   STAGE == Gap Closer (id: late_gapcloser)
  0:00:12.719     1M / 21M   INFO    General                 (gap_closer.cpp            : 484)   No paired-end libraries exist, skipping gap closer
  0:00:12.719     1M / 21M   INFO   StageManager             (stage.cpp                 : 210)   STAGE == Simplification Cleanup (id: simplification_cleanup)
  0:00:12.719     1M / 21M   INFO    General                 (simplification.cpp        : 189)   PROCEDURE == Post simplification
  0:00:12.719     1M / 21M   INFO    General                 (graph_simplification.hpp  : 455)   Disconnection of relatively low covered edges disabled
  0:00:12.719     1M / 21M   INFO    General                 (graph_simplification.hpp  : 494)   Complex tip clipping disabled
  0:00:12.719     1M / 21M   INFO    General                 (graph_simplification.hpp  : 646)   Creating parallel br instance
  0:00:12.719     1M / 21M   INFO   Simplification           (parallel_processing.hpp   : 168)   Running Tip clipper
  0:00:12.719     1M / 21M   INFO   Simplification           (parallel_processing.hpp   : 171)   Tip clipper triggered 0 times
  0:00:12.719     1M / 21M   INFO   Simplification           (parallel_processing.hpp   : 168)   Running Bulge remover
  0:00:12.719     1M / 21M   INFO   Simplification           (parallel_processing.hpp   : 171)   Bulge remover triggered 0 times
  0:00:12.719     1M / 21M   INFO   Simplification           (parallel_processing.hpp   : 168)   Running Tip clipper
  0:00:12.719     1M / 21M   INFO   Simplification           (parallel_processing.hpp   : 171)   Tip clipper triggered 0 times
  0:00:12.719     1M / 21M   INFO   Simplification           (parallel_processing.hpp   : 168)   Running Bulge remover
  0:00:12.720     1M / 21M   INFO   Simplification           (parallel_processing.hpp   : 171)   Bulge remover triggered 0 times
  0:00:12.720     1M / 21M   INFO    General                 (simplification.cpp        : 348)   Disrupting self-conjugate edges
  0:00:12.720     1M / 21M   INFO   Simplification           (parallel_processing.hpp   : 168)   Running Removing isolated edges
  0:00:12.720     1M / 21M   INFO   Simplification           (parallel_processing.hpp   : 171)   Removing isolated edges triggered 0 times
  0:00:12.720     1M / 21M   INFO    General                 (simplification.cpp        : 508)   After simplification:
  0:00:12.720     1M / 21M   INFO    General                 (simplification.cpp        : 509)     Average coverage = 10.7368
  0:00:12.720     1M / 21M   INFO    General                 (simplification.cpp        : 510)     Total length = 2375
  0:00:12.720     1M / 21M   INFO    General                 (simplification.cpp        : 511)     Median edge length: 300
  0:00:12.720     1M / 21M   INFO    General                 (simplification.cpp        : 512)     Edges: 30
  0:00:12.720     1M / 21M   INFO    General                 (simplification.cpp        : 513)     Vertices: 22
  0:00:12.720     1M / 21M   INFO   StageManager             (stage.cpp                 : 210)   STAGE == Mismatch Correction (id: mismatch_correction)
  0:00:12.720     1M / 21M   INFO    General                 (graph_pack_helpers.cpp    :  43)   Index refill
  0:00:12.720     1M / 21M   INFO    General                 (edge_index.hpp            : 175)   Using small index (max_id = 33)
  0:00:12.722     1M / 21M   INFO   K-mer Index Building     (kmer_index_builder.hpp    : 460)   Building perfect hash indices
  0:00:12.723     1M / 21M   INFO   K-mer Index Building     (kmer_index_builder.hpp    : 496)   Index built. Total 2375 kmers, 2488 bytes occupied (8.38063 bits per kmer).
  0:00:12.723     1M / 21M   INFO    General                 (edge_index_builders.hpp   : 253)   Collecting edge information from graph, this takes a while.
  0:00:12.723     1M / 21M   INFO    General                 (graph_pack_helpers.cpp    :  55)   Normalizing k-mer map. Total 0 kmers to process
  0:00:12.723     1M / 21M   INFO    General                 (kmer_mapper.hpp           :  87)   Total 0 kmers with non-trivial roots
  0:00:12.723     1M / 21M   INFO    General                 (graph_pack_helpers.cpp    :  57)   Normalizing done
  0:00:12.723     1M / 21M   INFO    General                 (mismatch_correction.cpp   : 421)   Collect potential mismatches
  0:00:12.723     1M / 21M   INFO    General                 (mismatch_correction.cpp   : 213)   Total 0 edges (out of 30) with 0 potential mismatch positions (-nan positions per edge)
  0:00:12.723     1M / 21M   INFO    General                 (mismatch_correction.cpp   : 423)   Potential mismatches collected
  0:00:12.724     1M / 21M   INFO    General                 (sequence_mapper_notifier.h:  80)   Starting sequence mapping
  0:00:12.726     1M / 21M   INFO    General                 (sequence_mapper_notifier.h: 120)   Total 3000 reads processed
  0:00:12.726     1M / 21M   INFO    General                 (mismatch_correction.cpp   : 416)   All edges processed
  0:00:12.726     1M / 21M   INFO    General                 (mismatch_correction.cpp   : 471)   Corrected 0 nucleotides
  0:00:12.727     1M / 21M   INFO   StageManager             (stage.cpp                 : 210)   STAGE == Contig Output (id: contig_output)
  0:00:12.727     1M / 21M   INFO    General                 (contig_output.hpp         :  20)   Outputting contigs to "/home/neel/bioinfo_project/massembly1/K33/before_rr.fasta"
  0:00:12.727     1M / 21M   INFO    General                 (contig_output_stage.cpp   : 159)   Writing GFA graph to "/home/neel/bioinfo_project/massembly1/K33/assembly_graph_after_simplification.gfa"
  0:00:12.727     1M / 21M   INFO   StageManager             (stage.cpp                 : 210)   STAGE == Paired Information Counting (id: late_pair_info_count)
  0:00:12.727     1M / 21M   INFO    General                 (graph_pack_helpers.cpp    :  55)   Normalizing k-mer map. Total 0 kmers to process
  0:00:12.728     1M / 21M   INFO    General                 (graph_pack_helpers.cpp    :  57)   Normalizing done
  0:00:12.728     1M / 21M   INFO    General                 (pair_info_count.cpp       : 165)   Min edge length for estimation: 300
  0:00:12.728     1M / 21M   INFO    General                 (pair_info_count.cpp       : 235)   Mapping single reads of library #0
  0:00:12.728     1M / 21M   INFO    General                 (pair_info_count.cpp       :  41)   Selecting usual mapper
  0:00:12.729     1M / 21M   INFO    General                 (sequence_mapper_notifier.h:  80)   Starting sequence mapping
  0:00:12.730     1M / 21M   INFO    General                 (sequence_mapper_notifier.h: 120)   Total 1500 reads processed
  0:00:12.732     1M / 21M   INFO    General                 (pair_info_count.cpp       : 237)   Total paths obtained from single reads: 37
  0:00:12.732     1M / 21M   INFO   StageManager             (stage.cpp                 : 210)   STAGE == Distance Estimation (id: distance_estimation)
  0:00:12.732     1M / 21M   INFO   StageManager             (stage.cpp                 : 210)   STAGE == Repeat Resolving (id: repeat_resolving)
  0:00:12.732     1M / 21M   INFO    General                 (repeat_resolving.cpp      :  88)   Using Path-Extend repeat resolving
  0:00:12.733     1M / 21M   INFO    General                 (launcher.cpp              : 636)   ExSPAnder repeat resolving tool started
  0:00:12.735     1M / 21M   INFO    General                 (launcher.cpp              : 444)   Creating main extenders, unique edge length = 2000
  0:00:12.735     1M / 21M   INFO    General                 (launcher.cpp              : 362)   filling path container
  0:00:12.736     1M / 21M   INFO    General                 (extenders_logic.cpp       :  54)   resolvable_repeat_length_bound set to 10000
  0:00:12.736     1M / 21M   INFO    General                 (extenders_logic.cpp       : 550)   Using 0 paired-end libraries
  0:00:12.736     1M / 21M   INFO    General                 (extenders_logic.cpp       : 551)   Using 0 paired-end scaffolding libraries
  0:00:12.737     1M / 21M   INFO    General                 (extenders_logic.cpp       : 552)   Using 1 single read library
  0:00:12.737     1M / 21M   INFO    General                 (launcher.cpp              : 473)   Total number of extenders is 1
  0:00:12.737     1M / 21M   INFO    General                 (path_extenders.cpp        :  36)   Processed 0 paths from 13 (0%)
  0:00:12.737     1M / 21M   INFO    General                 (path_extenders.cpp        :  36)   Processed 2 paths from 13 (15%)
  0:00:12.738     1M / 21M   INFO    General                 (path_extenders.cpp        :  36)   Processed 4 paths from 13 (30%)
  0:00:12.738     1M / 21M   INFO    General                 (path_extenders.cpp        :  36)   Processed 6 paths from 13 (46%)
  0:00:12.738     1M / 21M   INFO    General                 (path_extenders.cpp        :  36)   Processed 8 paths from 13 (61%)
  0:00:12.739     1M / 21M   INFO    General                 (path_extenders.cpp        :  36)   Processed 10 paths from 13 (76%)
  0:00:12.740     1M / 21M   INFO    General                 (path_extenders.cpp        :  36)   Processed 12 paths from 13 (92%)
  0:00:12.741     1M / 21M   INFO    General                 (launcher.cpp              : 264)   Finalizing paths
  0:00:12.741     1M / 21M   INFO    General                 (launcher.cpp              : 266)   Deduplicating paths
  0:00:12.741     1M / 21M   INFO    General                 (launcher.cpp              : 270)   Paths deduplicated
  0:00:12.742     1M / 21M   INFO   PEResolver               (pe_resolver.cpp           :  70)   Removing overlaps
  0:00:12.742     1M / 21M   INFO   PEResolver               (pe_resolver.cpp           :  73)   Sorting paths
  0:00:12.743     1M / 21M   INFO   PEResolver               (pe_resolver.cpp           :  80)   Marking overlaps
  0:00:12.743     1M / 21M   INFO   OverlapRemover           (overlap_remover.hpp       : 120)   Marking start/end overlaps
  0:00:12.745     1M / 21M   INFO   OverlapRemover           (overlap_remover.hpp       : 123)   Marking remaining overlaps
  0:00:12.745     1M / 21M   INFO   PEResolver               (pe_resolver.cpp           :  83)   Splitting paths
  0:00:12.746     1M / 21M   INFO   PEResolver               (pe_resolver.cpp           :  88)   Deduplicating paths
  0:00:12.746     1M / 21M   INFO   PEResolver               (pe_resolver.cpp           :  90)   Overlaps removed
  0:00:12.746     1M / 21M   INFO    General                 (launcher.cpp              : 287)   Paths finalized
  0:00:12.746     1M / 21M   INFO    General                 (launcher.cpp              : 482)   Closing gaps in paths
  0:00:12.747     1M / 21M   INFO    General                 (launcher.cpp              : 512)   Gap closing completed
  0:00:12.747     1M / 21M   INFO    General                 (launcher.cpp              : 320)   Traversing tandem repeats
  0:00:12.748     1M / 21M   INFO    General                 (launcher.cpp              : 330)   Traversed 0 loops
  0:00:12.751     1M / 21M   INFO    General                 (launcher.cpp              : 264)   Finalizing paths
  0:00:12.751     1M / 21M   INFO    General                 (launcher.cpp              : 266)   Deduplicating paths
  0:00:12.752     1M / 21M   INFO    General                 (launcher.cpp              : 270)   Paths deduplicated
  0:00:12.752     1M / 21M   INFO   PEResolver               (pe_resolver.cpp           :  70)   Removing overlaps
  0:00:12.753     1M / 21M   INFO   PEResolver               (pe_resolver.cpp           :  73)   Sorting paths
  0:00:12.753     1M / 21M   INFO   PEResolver               (pe_resolver.cpp           :  80)   Marking overlaps
  0:00:12.753     1M / 21M   INFO   OverlapRemover           (overlap_remover.hpp       : 120)   Marking start/end overlaps
  0:00:12.754     1M / 21M   INFO   OverlapRemover           (overlap_remover.hpp       : 123)   Marking remaining overlaps
  0:00:12.754     1M / 21M   INFO   PEResolver               (pe_resolver.cpp           :  83)   Splitting paths
  0:00:12.754     1M / 21M   INFO   PEResolver               (pe_resolver.cpp           :  88)   Deduplicating paths
  0:00:12.755     1M / 21M   INFO   PEResolver               (pe_resolver.cpp           :  90)   Overlaps removed
  0:00:12.755     1M / 21M   INFO    General                 (launcher.cpp              : 287)   Paths finalized
  0:00:12.755     1M / 21M   INFO    General                 (launcher.cpp              : 701)   ExSPAnder repeat resolving tool finished
  0:00:12.757     1M / 21M   INFO   StageManager             (stage.cpp                 : 210)   STAGE == Contig Output (id: contig_output)
  0:00:12.757     1M / 21M   INFO    General                 (contig_output.hpp         :  20)   Outputting contigs to "/home/neel/bioinfo_project/massembly1/K33/before_rr.fasta"
  0:00:12.758     1M / 21M   INFO    General                 (contig_output_stage.cpp   : 159)   Writing GFA graph to "/home/neel/bioinfo_project/massembly1/K33/assembly_graph_with_scaffolds.gfa"
  0:00:12.758     1M / 21M   INFO    General                 (contig_output_stage.cpp   : 175)   Outputting FastG graph to "/home/neel/bioinfo_project/massembly1/K33/assembly_graph.fastg"
  0:00:12.758     1M / 21M   INFO    General                 (contig_output_stage.cpp   : 210)   Breaking scaffolds
  0:00:12.759     1M / 21M   INFO    General                 (contig_output_stage.cpp   : 101)   Outputting contigs to /home/neel/bioinfo_project/massembly1/K33/final_contigs.fasta
  0:00:12.759     1M / 21M   INFO    General                 (contig_output_stage.cpp   : 107)   Outputting FastG paths to /home/neel/bioinfo_project/massembly1/K33/final_contigs.paths
  0:00:12.759     1M / 21M   INFO    General                 (contig_output_stage.cpp   : 101)   Outputting contigs to /home/neel/bioinfo_project/massembly1/K33/scaffolds.fasta
  0:00:12.760     1M / 21M   INFO    General                 (contig_output_stage.cpp   : 107)   Outputting FastG paths to /home/neel/bioinfo_project/massembly1/K33/scaffolds.paths
  0:00:12.760     1M / 21M   INFO    General                 (contig_output_stage.cpp   : 114)   Populating GFA with scaffold paths
  0:00:12.761     1M / 21M   INFO    General                 (pipeline.cpp              : 305)   SPAdes finished
  0:00:12.761     1M / 21M   INFO    General                 (main.cpp                  : 131)   Assembling time: 0 hours 0 minutes 12 seconds

===== K33 finished. 


===== Copy files started. 


== Running: /home/neel/bioinfo_project/.venv/bin/python3 /home/neel/SPAdes-4.3.0-Linux/share/spades/spades_pipeline/supplemetary/copy_files.py /home/neel/bioinfo_project/massembly1/K33/before_rr.fasta /home/neel/bioinfo_project/massembly1/before_rr.fasta /home/neel/bioinfo_project/massembly1/K33/assembly_graph_after_simplification.gfa /home/neel/bioinfo_project/massembly1/assembly_graph_after_simplification.gfa /home/neel/bioinfo_project/massembly1/K33/final_contigs.fasta /home/neel/bioinfo_project/massembly1/contigs.fasta /home/neel/bioinfo_project/massembly1/K33/first_pe_contigs.fasta /home/neel/bioinfo_project/massembly1/first_pe_contigs.fasta /home/neel/bioinfo_project/massembly1/K33/strain_graph.gfa /home/neel/bioinfo_project/massembly1/strain_graph.gfa /home/neel/bioinfo_project/massembly1/K33/scaffolds.fasta /home/neel/bioinfo_project/massembly1/scaffolds.fasta /home/neel/bioinfo_project/massembly1/K33/scaffolds.paths /home/neel/bioinfo_project/massembly1/scaffolds.paths /home/neel/bioinfo_project/massembly1/K33/assembly_graph_with_scaffolds.gfa /home/neel/bioinfo_project/massembly1/assembly_graph_with_scaffolds.gfa /home/neel/bioinfo_project/massembly1/K33/assembly_graph.fastg /home/neel/bioinfo_project/massembly1/assembly_graph.fastg /home/neel/bioinfo_project/massembly1/K33/final_contigs.paths /home/neel/bioinfo_project/massembly1/contigs.paths


===== Copy files finished. 


===== Assembling finished. 


===== Breaking scaffolds started. 


== Running: /home/neel/bioinfo_project/.venv/bin/python3 /home/neel/SPAdes-4.3.0-Linux/share/spades/spades_pipeline/supplemetary/breaking_scaffolds_script.py --result_scaffolds_filename /home/neel/bioinfo_project/massembly1/scaffolds.fasta --misc_dir /home/neel/bioinfo_project/massembly1/misc --threshold_for_breaking_scaffolds 3


===== Breaking scaffolds finished. 


===== Terminate started. 


===== Terminate finished. 

 * Assembled contigs are in /home/neel/bioinfo_project/massembly1/contigs.fasta
 * Assembled scaffolds are in /home/neel/bioinfo_project/massembly1/scaffolds.fasta
 * Paths in the assembly graph corresponding to the contigs are in /home/neel/bioinfo_project/massembly1/contigs.paths
 * Paths in the assembly graph corresponding to the scaffolds are in /home/neel/bioinfo_project/massembly1/scaffolds.paths
 * Assembly graph is in /home/neel/bioinfo_project/massembly1/assembly_graph.fastg
 * Assembly graph in GFA format is in /home/neel/bioinfo_project/massembly1/assembly_graph_with_scaffolds.gfa

======= SPAdes pipeline finished.

SPAdes log can be found here: /home/neel/bioinfo_project/massembly1/spades.log

Thank you for using SPAdes! If you use it in your research, please cite:

  Prjibelski, A., Antipov, D., Meleshko, D., Lapidus, A. and Korobeynikov, A., 2020. Using SPAdes de novo assembler. Current protocols in bioinformatics, 70(1), p.e102.
  doi.org/10.1002/cpbi.102

