Command line: /home/neel/SPAdes-4.3.0-Linux/bin/spades.py	-s	/home/neel/bioinfo_project/reads.fa	-o	/home/neel/bioinfo_project/nassembly	--isolate	

System information:
  SPAdes version: 4.3.0
  Python version: 3.14.4
  OS: Linux-6.18.33.2-microsoft-standard-WSL2-x86_64-with-glibc2.43

Output dir: /home/neel/bioinfo_project/nassembly
Mode: ONLY assembling (without read error correction)
Debug mode is turned OFF

Dataset parameters:
  Isolate mode
  Reads:
    Library number: 1, library type: single
      left reads: not specified
      right reads: not specified
      interlaced reads: not specified
      single reads: ['/home/neel/bioinfo_project/reads.fa']
      merged reads: not specified
Assembly parameters:
  k: automatic selection based on read length
  Repeat resolution is enabled
  Mismatch careful mode is turned OFF
  MismatchCorrector will be SKIPPED
  Coverage cutoff is turned OFF
  Assembly graph output will use GFA v1.2 format
Other parameters:
  Dir for temp files: /home/neel/bioinfo_project/nassembly/tmp
  Threads: 16
  Memory limit (in Gb): 3


======= SPAdes pipeline started. Log can be found here: /home/neel/bioinfo_project/nassembly/spades.log

/home/neel/bioinfo_project/reads.fa: max reads length: 50

Reads length: 50

K-mer sizes were set to [21, 33] because estimated read length (50) is less than 55

===== Before start started. 


===== Assembling started. 


===== K21 started. 


== Running: /home/neel/SPAdes-4.3.0-Linux/bin/spades-core /home/neel/bioinfo_project/nassembly/K21/configs/config.info /home/neel/bioinfo_project/nassembly/K21/configs/isolate_mode.info

  0:00:00.000     1M / 22M   INFO    General                 (main.cpp                  :  94)   Loaded config from "/home/neel/bioinfo_project/nassembly/K21/configs/config.info"
  0:00:00.003     1M / 22M   INFO    General                 (main.cpp                  :  94)   Loaded config from "/home/neel/bioinfo_project/nassembly/K21/configs/isolate_mode.info"
  0:00:00.003     1M / 22M   INFO    General                 (memory_limit.cpp          :  55)   Memory limit set to 3 Gb
  0:00:00.003     1M / 22M   INFO    General                 (main.cpp                  : 102)   Starting SPAdes, built from N/A, git revision a7f6e55b69f6b8eb87dfd7b014e22fc324a8a01b
  0:00:00.003     1M / 22M   INFO    General                 (main.cpp                  : 103)   Maximum k-mer length: 128
  0:00:00.003     1M / 22M   INFO    General                 (main.cpp                  : 104)   Assembling dataset ("/home/neel/bioinfo_project/nassembly/dataset.info") with K=21
  0:00:00.003     1M / 22M   INFO    General                 (main.cpp                  : 105)   Maximum # of threads to use (adjusted due to OMP capabilities): 12
  0:00:00.003     1M / 22M   INFO    General                 (pipeline.cpp              : 221)   SPAdes started
  0:00:00.003     1M / 22M   INFO    General                 (pipeline.cpp              : 234)   Starting from stage: read_conversion
  0:00:00.003     1M / 22M   INFO    General                 (pipeline.cpp              : 245)   Two-step repeat resolution disabled
  0:00:00.003     1M / 22M   INFO   GraphCore                (graph_core.hpp            : 582)   Graph created, vertex min_id: 3, edge min_id: 3
  0:00:00.003     1M / 22M   INFO   GraphCore                (graph_core.hpp            : 583)   Vertex size: 48, edge size: 40
  0:00:00.003     1M / 22M   INFO    General                 (edge_index.hpp            : 132)   Size of edge index entries: 12/8
  0:00:00.003     1M / 22M   INFO   StageManager             (stage.cpp                 : 210)   STAGE == Binary Read Conversion (id: read_conversion)
  0:00:00.004     1M / 22M   INFO    General                 (read_converter.cpp        :  78)   Converting reads to binary format for library #0 (takes a while)
  0:00:00.004     1M / 22M   INFO    General                 (read_converter.cpp        :  99)   Converting paired reads
  0:00:00.054    29M / 36M   INFO    General                 (binary_converter.cpp      : 143)   0 reads written
  0:00:00.058     1M / 36M   INFO    General                 (read_converter.cpp        : 113)   Converting single reads
  0:00:00.149    40M / 48M   INFO    General                 (binary_converter.cpp      : 143)   1000 reads written
  0:00:00.152    27M / 48M   INFO    General                 (read_converter.cpp        : 119)   Converting merged reads
  0:00:00.155    40M / 48M   INFO    General                 (binary_converter.cpp      : 143)   0 reads written
  0:00:00.174     1M / 48M   INFO   StageManager             (stage.cpp                 : 210)   STAGE == de Bruijn graph construction (id: construction)
  0:00:00.176     1M / 48M   INFO    General                 (construction.cpp          : 150)   Max read length 50
  0:00:00.176     1M / 48M   INFO    General                 (construction.cpp          : 156)   Average read length 50
  0:00:00.176     1M / 48M   INFO    General                 (stage.cpp                 : 120)   PROCEDURE == k+1-mer counting (id: construction:kpomer_counting)
  0:00:00.177     1M / 48M   INFO    General                 (kmer_index_builder.hpp    : 308)   Splitting kmer instances into 120 files using 12 threads. This might take a while.
  0:00:00.184     1M / 49M   INFO    General                 (file_limit.hpp            :  43)   Open file limit set to 10240
  0:00:00.190     1M / 49M   INFO    General                 (kmer_splitter.hpp         :  96)   Memory available for splitting buffers: 0.0833265 Gb
  0:00:00.190     1M / 49M   INFO    General                 (kmer_splitter.hpp         : 104)   Using cell size of 93199
  0:00:00.272     1M / 56M   INFO    General                 (kmer_splitters.hpp        : 134)   Used 2000 reads
  0:00:00.278     1M / 56M   INFO    General                 (kmer_index_builder.hpp    : 314)   Starting k-mer counting.
  0:00:00.306     1M / 56M   INFO    General                 (kmer_index_builder.hpp    : 325)   K-mer counting done. There are 2163 kmers in total.
  0:00:00.318     1M / 56M   INFO    General                 (stage.cpp                 : 120)   PROCEDURE == Extension index construction (id: construction:extension_index_construction)
  0:00:00.329     1M / 56M   INFO   K-mer Index Building     (kmer_index_builder.hpp    : 503)   Building kmer index
  0:00:00.334     1M / 56M   INFO    General                 (kmer_index_builder.hpp    : 308)   Splitting kmer instances into 120 files using 12 threads. This might take a while.
  0:00:00.342     1M / 56M   INFO    General                 (file_limit.hpp            :  43)   Open file limit set to 10240
  0:00:00.342     1M / 56M   INFO    General                 (kmer_splitter.hpp         :  96)   Memory available for splitting buffers: 0.0833132 Gb
  0:00:00.342     1M / 56M   INFO    General                 (kmer_splitter.hpp         : 104)   Using cell size of 93184
  0:00:00.391  1171M / 1171M INFO    General                 (kmer_splitters.hpp        : 197)   Processed 2163 kmers
  0:00:00.391  1171M / 1171M INFO    General                 (kmer_splitters.hpp        : 202)   Used 2163 kmers.
  0:00:00.392     1M / 58M   INFO    General                 (kmer_index_builder.hpp    : 314)   Starting k-mer counting.
  0:00:00.403     1M / 58M   INFO    General                 (kmer_index_builder.hpp    : 325)   K-mer counting done. There are 2158 kmers in total.
  0:00:00.403     1M / 58M   INFO   K-mer Index Building     (kmer_index_builder.hpp    : 460)   Building perfect hash indices
  0:00:00.420     2M / 58M   INFO   K-mer Index Building     (kmer_index_builder.hpp    : 496)   Index built. Total 2158 kmers, 96584 bytes occupied (358.05 bits per kmer).
  0:00:00.420     2M / 58M   INFO    General                 (kmer_index_builder.hpp    : 191)   Merging final buckets.
  0:00:00.430     2M / 58M   INFO   DeBruijnExtensionIndexBu (kmer_extension_index_build: 101)   Building k-mer extensions from k+1-mers
  0:00:00.434     2M / 58M   INFO   DeBruijnExtensionIndexBu (kmer_extension_index_build: 106)   Building k-mer extensions from k+1-mers finished.
  0:00:00.436     1M / 58M   INFO    General                 (stage.cpp                 : 120)   PROCEDURE == Early tip clipping (id: construction:early_tip_clipper)
  0:00:00.436     1M / 58M   INFO    General                 (construction.cpp          : 298)   Early tip clipper length bound set as (RL - K)
  0:00:00.436     1M / 58M   INFO   Early tip clipping       (early_simplification.hpp  :  48)   Early tip clipping
  0:00:00.437     1M / 58M   INFO   Early tip clipping       (early_simplification.hpp  :  83)   #tipped junctions: 1
  0:00:00.437     1M / 58M   INFO   Early tip clipping       (early_simplification.hpp  :  94)   Clipped tips: 1
  0:00:00.437     1M / 58M   INFO   Early tip clipping       (early_simplification.hpp  :  50)   28 22-mers were removed by early tip clipper
  0:00:00.437     1M / 58M   INFO    General                 (stage.cpp                 : 120)   PROCEDURE == Condensing graph (id: construction:graph_condensing)
  0:00:00.437     1M / 58M   INFO   UnbranchingPathExtractor (debruijn_graph_constructor: 324)   Extracting unbranching paths
  0:00:00.438     1M / 58M   INFO   UnbranchingPathExtractor (debruijn_graph_constructor: 348)   Extracting unbranching paths finished. 13 sequences extracted
  0:00:00.438     1M / 58M   INFO   UnbranchingPathExtractor (debruijn_graph_constructor: 362)   Collecting perfect loops
  0:00:00.439     1M / 58M   INFO   UnbranchingPathExtractor (debruijn_graph_constructor: 395)   Collecting perfect loops finished. 0 loops collected
  0:00:00.439     1M / 58M   INFO   DeBruijnGraphConstructor (debruijn_graph_constructor: 597)   Sorting edges...
  0:00:00.439     1M / 58M   INFO   DeBruijnGraphConstructor (debruijn_graph_constructor: 602)   Edges sorted
  0:00:00.440     1M / 58M   INFO    General                 (debruijn_graph_constructor: 511)   Total 26 edges to create
  0:00:00.440     1M / 58M   INFO    General                 (debruijn_graph_constructor: 514)   Collecting link records
  0:00:00.440     1M / 58M   INFO    General                 (debruijn_graph_constructor: 521)   Total short graph edges: 10
  0:00:00.440     1M / 58M   INFO    General                 (debruijn_graph_constructor: 523)   Ordering link records
  0:00:00.441     1M / 58M   INFO    General                 (debruijn_graph_constructor: 529)   Sorting done
  0:00:00.441     1M / 58M   INFO    General                 (debruijn_graph_constructor: 542)   Sorting LinkRecords...
  0:00:00.441     1M / 58M   INFO    General                 (debruijn_graph_constructor: 548)   LinkRecords sorted
  0:00:00.441     1M / 58M   INFO    General                 (debruijn_graph_constructor: 550)   Total 8 vertices to create
  0:00:00.441     1M / 58M   INFO    General                 (debruijn_graph_constructor: 553)   Connecting the graph
  0:00:00.441     1M / 58M   INFO    General                 (stage.cpp                 : 120)   PROCEDURE == Filling coverage indices (PHM) (id: construction:coverage_filling_phm)
  0:00:00.441     1M / 58M   INFO   K-mer Index Building     (kmer_index_builder.hpp    : 460)   Building perfect hash indices
  0:00:00.458     2M / 58M   INFO   K-mer Index Building     (kmer_index_builder.hpp    : 496)   Index built. Total 2163 kmers, 96632 bytes occupied (357.4 bits per kmer).
  0:00:00.459     2M / 58M   INFO    General                 (coverage_hash_map_builder.:  49)   Collecting k-mer coverage information from reads, this takes a while.
  0:00:00.460     2M / 58M   INFO    General                 (construction.cpp          : 400)   Filling coverage and flanking coverage from PHM
  0:00:00.464     1M / 58M   INFO   StageManager             (stage.cpp                 : 210)   STAGE == EC Threshold Finding (id: ec_threshold_finder)
  0:00:00.466     1M / 58M   INFO    General                 (kmer_coverage_model.cpp   : 182)   Kmer coverage valley at: 0
  0:00:00.467     1M / 58M   INFO    General                 (kmer_coverage_model.cpp   : 202)   K-mer histogram maximum: 12
  0:00:00.467     1M / 58M   INFO    General                 (kmer_coverage_model.cpp   : 238)   Estimated median coverage: 12. Coverage mad: 4.4478
  0:00:00.467     1M / 58M   INFO    General                 (kmer_coverage_model.cpp   : 260)   Fitting coverage model
  0:00:00.474     1M / 58M   INFO    General                 (kmer_coverage_model.cpp   : 296)   ... iteration 2
  0:00:00.492     1M / 58M   INFO    General                 (kmer_coverage_model.cpp   : 296)   ... iteration 4
  0:00:00.574     1M / 58M   INFO    General                 (kmer_coverage_model.cpp   : 296)   ... iteration 8
  0:00:00.714     1M / 58M   INFO    General                 (kmer_coverage_model.cpp   : 296)   ... iteration 16
  0:00:00.890     1M / 58M   INFO    General                 (kmer_coverage_model.cpp   : 310)   Fitted mean coverage: 11.5518. Fitted coverage std. dev: 3.22614
  0:00:00.891     1M / 58M   INFO    General                 (kmer_coverage_model.cpp   : 335)   Probability of erroneous kmer at valley: 0.310877
  0:00:00.891     1M / 58M   INFO    General                 (kmer_coverage_model.cpp   : 359)   Preliminary threshold calculated as: 5
  0:00:00.891     1M / 58M   INFO    General                 (kmer_coverage_model.cpp   : 363)   Threshold adjusted to: 5
  0:00:00.891     1M / 58M   INFO    General                 (kmer_coverage_model.cpp   : 376)   Estimated genome size (ignoring repeats): 2127
  0:00:00.892     1M / 58M   INFO    General                 (genomic_info_filler.cpp   :  56)   Mean coverage was calculated as 11.5518
  0:00:00.892     1M / 58M   INFO    General                 (genomic_info_filler.cpp   :  71)   EC coverage threshold value was calculated as 5
  0:00:00.892     1M / 58M   INFO    General                 (genomic_info_filler.cpp   :  72)   Trusted kmer low bound: 0
  0:00:00.892     1M / 58M   INFO   StageManager             (stage.cpp                 : 210)   STAGE == Raw Simplification (id: raw_simplification)
  0:00:00.892     1M / 58M   INFO    General                 (simplification.cpp        : 129)   PROCEDURE == Initial cleaning
  0:00:00.892     1M / 58M   INFO    General                 (graph_simplification.hpp  : 674)   Flanking coverage based disconnection disabled
  0:00:00.892     1M / 58M   INFO   Simplification           (parallel_processing.hpp   : 168)   Running Self conjugate edge remover
  0:00:00.892     1M / 58M   INFO   Simplification           (parallel_processing.hpp   : 171)   Self conjugate edge remover triggered 0 times
  0:00:00.893     1M / 58M   INFO   StageManager             (stage.cpp                 : 210)   STAGE == Simplification (id: simplification)
  0:00:00.893     1M / 58M   INFO    General                 (simplification.cpp        : 397)   Graph simplification started
  0:00:00.893     1M / 58M   INFO    General                 (graph_simplification.hpp  : 646)   Creating parallel br instance
  0:00:00.893     1M / 58M   INFO    General                 (simplification.cpp        : 402)   PROCEDURE == Simplification cycle, iteration 1
  0:00:00.893     1M / 58M   INFO   Simplification           (parallel_processing.hpp   : 168)   Running Tip clipper
  0:00:00.893     1M / 58M   INFO   Simplification           (parallel_processing.hpp   : 171)   Tip clipper triggered 0 times
  0:00:00.893     1M / 58M   INFO   Simplification           (parallel_processing.hpp   : 168)   Running Bulge remover
  0:00:00.893     1M / 58M   INFO   Simplification           (parallel_processing.hpp   : 171)   Bulge remover triggered 0 times
  0:00:00.893     1M / 58M   INFO   Simplification           (parallel_processing.hpp   : 168)   Running Low coverage edge remover
  0:00:00.893     1M / 58M   INFO   Simplification           (parallel_processing.hpp   : 171)   Low coverage edge remover triggered 0 times
  0:00:00.893     1M / 58M   INFO    General                 (simplification.cpp        : 402)   PROCEDURE == Simplification cycle, iteration 2
  0:00:00.893     1M / 58M   INFO   Simplification           (parallel_processing.hpp   : 168)   Running Tip clipper
  0:00:00.893     1M / 58M   INFO   Simplification           (parallel_processing.hpp   : 171)   Tip clipper triggered 0 times
  0:00:00.893     1M / 58M   INFO   Simplification           (parallel_processing.hpp   : 168)   Running Bulge remover
  0:00:00.893     1M / 58M   INFO   Simplification           (parallel_processing.hpp   : 171)   Bulge remover triggered 0 times
  0:00:00.893     1M / 58M   INFO   Simplification           (parallel_processing.hpp   : 168)   Running Low coverage edge remover
  0:00:00.893     1M / 58M   INFO   Simplification           (parallel_processing.hpp   : 171)   Low coverage edge remover triggered 0 times
  0:00:00.893     1M / 58M   INFO    General                 (simplification.cpp        : 402)   PROCEDURE == Simplification cycle, iteration 3
  0:00:00.893     1M / 58M   INFO   Simplification           (parallel_processing.hpp   : 168)   Running Tip clipper
  0:00:00.893     1M / 58M   INFO   Simplification           (parallel_processing.hpp   : 171)   Tip clipper triggered 0 times
  0:00:00.893     1M / 58M   INFO   Simplification           (parallel_processing.hpp   : 168)   Running Bulge remover
  0:00:00.893     1M / 58M   INFO   Simplification           (parallel_processing.hpp   : 171)   Bulge remover triggered 0 times
  0:00:00.893     1M / 58M   INFO   Simplification           (parallel_processing.hpp   : 168)   Running Low coverage edge remover
  0:00:00.893     1M / 58M   INFO   Simplification           (parallel_processing.hpp   : 171)   Low coverage edge remover triggered 0 times
  0:00:00.894     1M / 58M   INFO    General                 (simplification.cpp        : 402)   PROCEDURE == Simplification cycle, iteration 4
  0:00:00.894     1M / 58M   INFO   Simplification           (parallel_processing.hpp   : 168)   Running Tip clipper
  0:00:00.895     1M / 58M   INFO   Simplification           (parallel_processing.hpp   : 171)   Tip clipper triggered 0 times
  0:00:00.896     1M / 58M   INFO   Simplification           (parallel_processing.hpp   : 168)   Running Bulge remover
  0:00:00.896     1M / 58M   INFO   Simplification           (parallel_processing.hpp   : 171)   Bulge remover triggered 0 times
  0:00:00.896     1M / 58M   INFO   Simplification           (parallel_processing.hpp   : 168)   Running Low coverage edge remover
  0:00:00.896     1M / 58M   INFO   Simplification           (parallel_processing.hpp   : 171)   Low coverage edge remover triggered 0 times
  0:00:00.896     1M / 58M   INFO    General                 (simplification.cpp        : 402)   PROCEDURE == Simplification cycle, iteration 5
  0:00:00.896     1M / 58M   INFO   Simplification           (parallel_processing.hpp   : 168)   Running Tip clipper
  0:00:00.896     1M / 58M   INFO   Simplification           (parallel_processing.hpp   : 171)   Tip clipper triggered 0 times
  0:00:00.896     1M / 58M   INFO   Simplification           (parallel_processing.hpp   : 168)   Running Bulge remover
  0:00:00.896     1M / 58M   INFO   Simplification           (parallel_processing.hpp   : 171)   Bulge remover triggered 0 times
  0:00:00.896     1M / 58M   INFO   Simplification           (parallel_processing.hpp   : 168)   Running Low coverage edge remover
  0:00:00.896     1M / 58M   INFO   Simplification           (parallel_processing.hpp   : 171)   Low coverage edge remover triggered 0 times
  0:00:00.896     1M / 58M   INFO    General                 (simplification.cpp        : 402)   PROCEDURE == Simplification cycle, iteration 6
  0:00:00.896     1M / 58M   INFO   Simplification           (parallel_processing.hpp   : 168)   Running Tip clipper
  0:00:00.896     1M / 58M   INFO   Simplification           (parallel_processing.hpp   : 171)   Tip clipper triggered 0 times
  0:00:00.896     1M / 58M   INFO   Simplification           (parallel_processing.hpp   : 168)   Running Bulge remover
  0:00:00.896     1M / 58M   INFO   Simplification           (parallel_processing.hpp   : 171)   Bulge remover triggered 0 times
  0:00:00.896     1M / 58M   INFO   Simplification           (parallel_processing.hpp   : 168)   Running Low coverage edge remover
  0:00:00.896     1M / 58M   INFO   Simplification           (parallel_processing.hpp   : 171)   Low coverage edge remover triggered 0 times
  0:00:00.896     1M / 58M   INFO    General                 (simplification.cpp        : 402)   PROCEDURE == Simplification cycle, iteration 7
  0:00:00.896     1M / 58M   INFO   Simplification           (parallel_processing.hpp   : 168)   Running Tip clipper
  0:00:00.896     1M / 58M   INFO   Simplification           (parallel_processing.hpp   : 171)   Tip clipper triggered 0 times
  0:00:00.896     1M / 58M   INFO   Simplification           (parallel_processing.hpp   : 168)   Running Bulge remover
  0:00:00.896     1M / 58M   INFO   Simplification           (parallel_processing.hpp   : 171)   Bulge remover triggered 0 times
  0:00:00.896     1M / 58M   INFO   Simplification           (parallel_processing.hpp   : 168)   Running Low coverage edge remover
  0:00:00.896     1M / 58M   INFO   Simplification           (parallel_processing.hpp   : 171)   Low coverage edge remover triggered 0 times
  0:00:00.897     1M / 58M   INFO    General                 (simplification.cpp        : 402)   PROCEDURE == Simplification cycle, iteration 8
  0:00:00.897     1M / 58M   INFO   Simplification           (parallel_processing.hpp   : 168)   Running Tip clipper
  0:00:00.897     1M / 58M   INFO   Simplification           (parallel_processing.hpp   : 171)   Tip clipper triggered 0 times
  0:00:00.897     1M / 58M   INFO   Simplification           (parallel_processing.hpp   : 168)   Running Bulge remover
  0:00:00.897     1M / 58M   INFO   Simplification           (parallel_processing.hpp   : 171)   Bulge remover triggered 0 times
  0:00:00.897     1M / 58M   INFO   Simplification           (parallel_processing.hpp   : 168)   Running Low coverage edge remover
  0:00:00.897     1M / 58M   INFO   Simplification           (parallel_processing.hpp   : 171)   Low coverage edge remover triggered 0 times
  0:00:00.897     1M / 58M   INFO    General                 (simplification.cpp        : 402)   PROCEDURE == Simplification cycle, iteration 9
  0:00:00.897     1M / 58M   INFO   Simplification           (parallel_processing.hpp   : 168)   Running Tip clipper
  0:00:00.897     1M / 58M   INFO   Simplification           (parallel_processing.hpp   : 171)   Tip clipper triggered 0 times
  0:00:00.897     1M / 58M   INFO   Simplification           (parallel_processing.hpp   : 168)   Running Bulge remover
  0:00:00.897     1M / 58M   INFO   Simplification           (parallel_processing.hpp   : 171)   Bulge remover triggered 0 times
  0:00:00.897     1M / 58M   INFO   Simplification           (parallel_processing.hpp   : 168)   Running Low coverage edge remover
  0:00:00.897     1M / 58M   INFO   Simplification           (parallel_processing.hpp   : 171)   Low coverage edge remover triggered 0 times
  0:00:00.897     1M / 58M   INFO    General                 (simplification.cpp        : 402)   PROCEDURE == Simplification cycle, iteration 10
  0:00:00.897     1M / 58M   INFO   Simplification           (parallel_processing.hpp   : 168)   Running Tip clipper
  0:00:00.897     1M / 58M   INFO   Simplification           (parallel_processing.hpp   : 171)   Tip clipper triggered 0 times
  0:00:00.897     1M / 58M   INFO   Simplification           (parallel_processing.hpp   : 168)   Running Bulge remover
  0:00:00.897     1M / 58M   INFO   Simplification           (parallel_processing.hpp   : 171)   Bulge remover triggered 0 times
  0:00:00.897     1M / 58M   INFO   Simplification           (parallel_processing.hpp   : 168)   Running Low coverage edge remover
  0:00:00.897     1M / 58M   INFO   Simplification           (parallel_processing.hpp   : 171)   Low coverage edge remover triggered 0 times
  0:00:00.897     1M / 58M   INFO    General                 (simplification.cpp        : 402)   PROCEDURE == Simplification cycle, iteration 11
  0:00:00.897     1M / 58M   INFO   Simplification           (parallel_processing.hpp   : 168)   Running Tip clipper
  0:00:00.897     1M / 58M   INFO   Simplification           (parallel_processing.hpp   : 171)   Tip clipper triggered 0 times
  0:00:00.897     1M / 58M   INFO   Simplification           (parallel_processing.hpp   : 168)   Running Bulge remover
  0:00:00.897     1M / 58M   INFO   Simplification           (parallel_processing.hpp   : 171)   Bulge remover triggered 0 times
  0:00:00.897     1M / 58M   INFO   Simplification           (parallel_processing.hpp   : 168)   Running Low coverage edge remover
  0:00:00.897     1M / 58M   INFO   Simplification           (parallel_processing.hpp   : 171)   Low coverage edge remover triggered 0 times
  0:00:00.905     1M / 58M   INFO   StageManager             (stage.cpp                 : 210)   STAGE == Simplification Cleanup (id: simplification_cleanup)
  0:00:00.914     1M / 58M   INFO    General                 (simplification.cpp        : 189)   PROCEDURE == Post simplification
  0:00:00.923     1M / 58M   INFO    General                 (graph_simplification.hpp  : 455)   Disconnection of relatively low covered edges disabled
  0:00:00.931     1M / 58M   INFO    General                 (graph_simplification.hpp  : 494)   Complex tip clipping disabled
  0:00:00.939     1M / 58M   INFO    General                 (graph_simplification.hpp  : 646)   Creating parallel br instance
  0:00:00.947     1M / 58M   INFO   Simplification           (parallel_processing.hpp   : 168)   Running Tip clipper
  0:00:00.962     1M / 58M   INFO   Simplification           (parallel_processing.hpp   : 171)   Tip clipper triggered 0 times
  0:00:00.970     1M / 58M   INFO   Simplification           (parallel_processing.hpp   : 168)   Running Bulge remover
  0:00:00.986     1M / 58M   INFO   Simplification           (parallel_processing.hpp   : 171)   Bulge remover triggered 0 times
  0:00:00.994     1M / 58M   INFO   Simplification           (parallel_processing.hpp   : 168)   Running Tip clipper
  0:00:01.010     1M / 58M   INFO   Simplification           (parallel_processing.hpp   : 171)   Tip clipper triggered 0 times
  0:00:01.018     1M / 58M   INFO   Simplification           (parallel_processing.hpp   : 168)   Running Bulge remover
  0:00:01.034     1M / 58M   INFO   Simplification           (parallel_processing.hpp   : 171)   Bulge remover triggered 0 times
  0:00:01.042     1M / 58M   INFO    General                 (simplification.cpp        : 348)   Disrupting self-conjugate edges
  0:00:01.050     1M / 58M   INFO   Simplification           (parallel_processing.hpp   : 168)   Running Removing isolated edges
  0:00:01.051     1M / 58M   INFO   Simplification           (parallel_processing.hpp   : 171)   Removing isolated edges triggered 0 times
  0:00:01.051     1M / 58M   INFO    General                 (simplification.cpp        : 508)   After simplification:
  0:00:01.051     1M / 58M   INFO    General                 (simplification.cpp        : 509)     Average coverage = 13.5059
  0:00:01.051     1M / 58M   INFO    General                 (simplification.cpp        : 510)     Total length = 2135
  0:00:01.052     1M / 58M   INFO    General                 (simplification.cpp        : 511)     Median edge length: 282
  0:00:01.052     1M / 58M   INFO    General                 (simplification.cpp        : 512)     Edges: 26
  0:00:01.052     1M / 58M   INFO    General                 (simplification.cpp        : 513)     Vertices: 16
  0:00:01.052     1M / 58M   INFO   StageManager             (stage.cpp                 : 210)   STAGE == Contig Output (id: contig_output)
  0:00:01.054     1M / 58M   INFO    General                 (read_converter.cpp        : 135)   Outputting contigs to "/home/neel/bioinfo_project/nassembly/K21/simplified_contigs"
  0:00:01.066     4M / 58M   INFO    General                 (binary_converter.cpp      : 143)   13 reads written
  0:00:01.072     1M / 58M   INFO    General                 (pipeline.cpp              : 305)   SPAdes finished
  0:00:01.072     1M / 58M   INFO    General                 (main.cpp                  : 131)   Assembling time: 0 hours 0 minutes 1 seconds

===== K21 finished. 


===== K33 started. 


== Running: /home/neel/SPAdes-4.3.0-Linux/bin/spades-core /home/neel/bioinfo_project/nassembly/K33/configs/config.info /home/neel/bioinfo_project/nassembly/K33/configs/isolate_mode.info

  0:00:00.000     1M / 22M   INFO    General                 (main.cpp                  :  94)   Loaded config from "/home/neel/bioinfo_project/nassembly/K33/configs/config.info"
  0:00:00.004     1M / 22M   INFO    General                 (main.cpp                  :  94)   Loaded config from "/home/neel/bioinfo_project/nassembly/K33/configs/isolate_mode.info"
  0:00:00.004     1M / 22M   INFO    General                 (memory_limit.cpp          :  55)   Memory limit set to 3 Gb
  0:00:00.004     1M / 22M   INFO    General                 (main.cpp                  : 102)   Starting SPAdes, built from N/A, git revision a7f6e55b69f6b8eb87dfd7b014e22fc324a8a01b
  0:00:00.004     1M / 22M   INFO    General                 (main.cpp                  : 103)   Maximum k-mer length: 128
  0:00:00.004     1M / 22M   INFO    General                 (main.cpp                  : 104)   Assembling dataset ("/home/neel/bioinfo_project/nassembly/dataset.info") with K=33
  0:00:00.004     1M / 22M   INFO    General                 (main.cpp                  : 105)   Maximum # of threads to use (adjusted due to OMP capabilities): 12
  0:00:00.004     1M / 22M   INFO    General                 (pipeline.cpp              : 221)   SPAdes started
  0:00:00.004     1M / 22M   INFO    General                 (pipeline.cpp              : 234)   Starting from stage: read_conversion
  0:00:00.004     1M / 22M   INFO    General                 (pipeline.cpp              : 245)   Two-step repeat resolution disabled
  0:00:00.004     1M / 22M   INFO   GraphCore                (graph_core.hpp            : 582)   Graph created, vertex min_id: 3, edge min_id: 3
  0:00:00.004     1M / 22M   INFO   GraphCore                (graph_core.hpp            : 583)   Vertex size: 48, edge size: 40
  0:00:00.004     1M / 22M   INFO    General                 (edge_index.hpp            : 132)   Size of edge index entries: 12/8
  0:00:00.004     1M / 22M   INFO    General                 (pipeline.cpp              : 256)   Will need read mapping, kmer mapper will be attached
  0:00:00.004     1M / 22M   INFO   StageManager             (stage.cpp                 : 210)   STAGE == Binary Read Conversion (id: read_conversion)
  0:00:00.007     1M / 22M   INFO    General                 (read_converter.cpp        :  57)   Binary reads detected
  0:00:00.012     1M / 22M   INFO   StageManager             (stage.cpp                 : 210)   STAGE == de Bruijn graph construction (id: construction)
  0:00:00.012     1M / 22M   INFO    General                 (construction.cpp          : 115)   Contigs from previous K will be used: /home/neel/bioinfo_project/nassembly/K21/simplified_contigs
  0:00:00.014     1M / 22M   INFO    General                 (construction.cpp          : 150)   Max read length 50
  0:00:00.014     1M / 22M   INFO    General                 (construction.cpp          : 156)   Average read length 50
  0:00:00.014     1M / 22M   INFO    General                 (stage.cpp                 : 120)   PROCEDURE == k+1-mer counting (id: construction:kpomer_counting)
  0:00:00.014     1M / 22M   INFO    General                 (kmer_index_builder.hpp    : 308)   Splitting kmer instances into 120 files using 12 threads. This might take a while.
  0:00:00.019     1M / 22M   INFO    General                 (file_limit.hpp            :  43)   Open file limit set to 10240
  0:00:00.021     1M / 22M   INFO    General                 (kmer_splitter.hpp         :  96)   Memory available for splitting buffers: 0.0833261 Gb
  0:00:00.022     1M / 22M   INFO    General                 (kmer_splitter.hpp         : 104)   Using cell size of 46599
  0:00:00.065     1M / 22M   INFO    General                 (kmer_splitters.hpp        : 134)   Used 2026 reads
  0:00:00.071     1M / 22M   INFO    General                 (kmer_index_builder.hpp    : 314)   Starting k-mer counting.
  0:00:00.088     1M / 22M   INFO    General                 (kmer_index_builder.hpp    : 325)   K-mer counting done. There are 2223 kmers in total.
  0:00:00.095     1M / 22M   INFO    General                 (stage.cpp                 : 120)   PROCEDURE == Extension index construction (id: construction:extension_index_construction)
  0:00:00.098     1M / 22M   INFO   K-mer Index Building     (kmer_index_builder.hpp    : 503)   Building kmer index
  0:00:00.098     1M / 22M   INFO    General                 (kmer_index_builder.hpp    : 308)   Splitting kmer instances into 120 files using 12 threads. This might take a while.
  0:00:00.102     1M / 22M   INFO    General                 (file_limit.hpp            :  43)   Open file limit set to 10240
  0:00:00.103     1M / 22M   INFO    General                 (kmer_splitter.hpp         :  96)   Memory available for splitting buffers: 0.0833101 Gb
  0:00:00.103     1M / 22M   INFO    General                 (kmer_splitter.hpp         : 104)   Using cell size of 46590
  0:00:00.140  1171M / 1171M INFO    General                 (kmer_splitters.hpp        : 197)   Processed 2223 kmers
  0:00:00.143  1171M / 1171M INFO    General                 (kmer_splitters.hpp        : 202)   Used 2223 kmers.
  0:00:00.144     1M / 22M   INFO    General                 (kmer_index_builder.hpp    : 314)   Starting k-mer counting.
  0:00:00.160     1M / 22M   INFO    General                 (kmer_index_builder.hpp    : 325)   K-mer counting done. There are 2218 kmers in total.
  0:00:00.160     1M / 22M   INFO   K-mer Index Building     (kmer_index_builder.hpp    : 460)   Building perfect hash indices
  0:00:00.177     2M / 22M   INFO   K-mer Index Building     (kmer_index_builder.hpp    : 496)   Index built. Total 2218 kmers, 96672 bytes occupied (348.682 bits per kmer).
  0:00:00.178     2M / 22M   INFO    General                 (kmer_index_builder.hpp    : 191)   Merging final buckets.
  0:00:00.186     2M / 22M   INFO   DeBruijnExtensionIndexBu (kmer_extension_index_build: 101)   Building k-mer extensions from k+1-mers
  0:00:00.193     2M / 22M   INFO   DeBruijnExtensionIndexBu (kmer_extension_index_build: 106)   Building k-mer extensions from k+1-mers finished.
  0:00:00.197     1M / 22M   INFO    General                 (stage.cpp                 : 120)   PROCEDURE == Condensing graph (id: construction:graph_condensing)
  0:00:00.197     1M / 22M   INFO   UnbranchingPathExtractor (debruijn_graph_constructor: 324)   Extracting unbranching paths
  0:00:00.198     1M / 22M   INFO   UnbranchingPathExtractor (debruijn_graph_constructor: 348)   Extracting unbranching paths finished. 15 sequences extracted
  0:00:00.199     1M / 22M   INFO   UnbranchingPathExtractor (debruijn_graph_constructor: 362)   Collecting perfect loops
  0:00:00.199     1M / 22M   INFO   UnbranchingPathExtractor (debruijn_graph_constructor: 395)   Collecting perfect loops finished. 0 loops collected
  0:00:00.200     1M / 22M   INFO   DeBruijnGraphConstructor (debruijn_graph_constructor: 597)   Sorting edges...
  0:00:00.200     1M / 22M   INFO   DeBruijnGraphConstructor (debruijn_graph_constructor: 602)   Edges sorted
  0:00:00.200     1M / 22M   INFO    General                 (debruijn_graph_constructor: 511)   Total 30 edges to create
  0:00:00.200     1M / 22M   INFO    General                 (debruijn_graph_constructor: 514)   Collecting link records
  0:00:00.200     1M / 22M   INFO    General                 (debruijn_graph_constructor: 521)   Total short graph edges: 12
  0:00:00.200     1M / 22M   INFO    General                 (debruijn_graph_constructor: 523)   Ordering link records
  0:00:00.200     1M / 22M   INFO    General                 (debruijn_graph_constructor: 529)   Sorting done
  0:00:00.201     1M / 22M   INFO    General                 (debruijn_graph_constructor: 542)   Sorting LinkRecords...
  0:00:00.201     1M / 22M   INFO    General                 (debruijn_graph_constructor: 548)   LinkRecords sorted
  0:00:00.201     1M / 22M   INFO    General                 (debruijn_graph_constructor: 550)   Total 10 vertices to create
  0:00:00.201     1M / 22M   INFO    General                 (debruijn_graph_constructor: 553)   Connecting the graph
  0:00:00.202     1M / 22M   INFO    General                 (stage.cpp                 : 120)   PROCEDURE == Filling coverage indices (PHM) (id: construction:coverage_filling_phm)
  0:00:00.202     1M / 22M   INFO   K-mer Index Building     (kmer_index_builder.hpp    : 460)   Building perfect hash indices
  0:00:00.217     2M / 22M   INFO   K-mer Index Building     (kmer_index_builder.hpp    : 496)   Index built. Total 2223 kmers, 96680 bytes occupied (347.926 bits per kmer).
  0:00:00.217     2M / 22M   INFO    General                 (coverage_hash_map_builder.:  49)   Collecting k-mer coverage information from reads, this takes a while.
  0:00:00.218     2M / 22M   INFO    General                 (construction.cpp          : 400)   Filling coverage and flanking coverage from PHM
  0:00:00.223     1M / 22M   INFO   StageManager             (stage.cpp                 : 210)   STAGE == EC Threshold Finding (id: ec_threshold_finder)
  0:00:00.223     1M / 22M   INFO    General                 (kmer_coverage_model.cpp   : 182)   Kmer coverage valley at: 0
  0:00:00.223     1M / 22M   INFO    General                 (kmer_coverage_model.cpp   : 202)   K-mer histogram maximum: 6
  0:00:00.223     1M / 22M   INFO    General                 (kmer_coverage_model.cpp   : 238)   Estimated median coverage: 7. Coverage mad: 4.4478
  0:00:00.224     1M / 22M   INFO    General                 (kmer_coverage_model.cpp   : 260)   Fitting coverage model
  0:00:00.230     1M / 22M   INFO    General                 (kmer_coverage_model.cpp   : 296)   ... iteration 2
  0:00:00.244     1M / 22M   INFO    General                 (kmer_coverage_model.cpp   : 296)   ... iteration 4
  0:00:00.293     1M / 22M   INFO    General                 (kmer_coverage_model.cpp   : 296)   ... iteration 8
  0:00:00.350     1M / 22M   INFO    General                 (kmer_coverage_model.cpp   : 296)   ... iteration 16
  0:00:00.391     1M / 22M   INFO    General                 (kmer_coverage_model.cpp   : 310)   Fitted mean coverage: 6.84861. Fitted coverage std. dev: 2.39486
  0:00:00.392     1M / 22M   INFO    General                 (kmer_coverage_model.cpp   : 335)   Probability of erroneous kmer at valley: 0.114582
  0:00:00.392     1M / 22M   INFO    General                 (kmer_coverage_model.cpp   : 359)   Preliminary threshold calculated as: 2
  0:00:00.392     1M / 22M   INFO    General                 (kmer_coverage_model.cpp   : 363)   Threshold adjusted to: 2
  0:00:00.392     1M / 22M   INFO    General                 (kmer_coverage_model.cpp   : 376)   Estimated genome size (ignoring repeats): 2208
  0:00:00.392     1M / 22M   INFO    General                 (genomic_info_filler.cpp   :  56)   Mean coverage was calculated as 6.84861
  0:00:00.392     1M / 22M   INFO    General                 (genomic_info_filler.cpp   :  71)   EC coverage threshold value was calculated as 2
  0:00:00.393     1M / 22M   INFO    General                 (genomic_info_filler.cpp   :  72)   Trusted kmer low bound: 0
  0:00:00.393     1M / 22M   INFO   StageManager             (stage.cpp                 : 210)   STAGE == Gap Closer (id: early_gapcloser)
  0:00:00.393     1M / 22M   INFO    General                 (gap_closer.cpp            : 484)   No paired-end libraries exist, skipping gap closer
  0:00:00.393     1M / 22M   INFO   StageManager             (stage.cpp                 : 210)   STAGE == Raw Simplification (id: raw_simplification)
  0:00:00.393     1M / 22M   INFO    General                 (simplification.cpp        : 129)   PROCEDURE == Initial cleaning
  0:00:00.393     1M / 22M   INFO    General                 (simplification.cpp        :  63)   Most init cleaning disabled on main iteration
  0:00:00.393     1M / 22M   INFO   Simplification           (parallel_processing.hpp   : 168)   Running Self conjugate edge remover
  0:00:00.394     1M / 22M   INFO   Simplification           (parallel_processing.hpp   : 171)   Self conjugate edge remover triggered 0 times
  0:00:00.394     1M / 22M   INFO   StageManager             (stage.cpp                 : 210)   STAGE == Simplification (id: simplification)
  0:00:00.394     1M / 22M   INFO    General                 (simplification.cpp        : 397)   Graph simplification started
  0:00:00.394     1M / 22M   INFO    General                 (graph_simplification.hpp  : 646)   Creating parallel br instance
  0:00:00.394     1M / 22M   INFO    General                 (simplification.cpp        : 402)   PROCEDURE == Simplification cycle, iteration 1
  0:00:00.394     1M / 22M   INFO   Simplification           (parallel_processing.hpp   : 168)   Running Tip clipper
  0:00:00.394     1M / 22M   INFO   Simplification           (parallel_processing.hpp   : 171)   Tip clipper triggered 1 times
  0:00:00.394     1M / 22M   INFO   Simplification           (parallel_processing.hpp   : 168)   Running Bulge remover
  0:00:00.394     1M / 22M   INFO   Simplification           (parallel_processing.hpp   : 171)   Bulge remover triggered 0 times
  0:00:00.394     1M / 22M   INFO   Simplification           (parallel_processing.hpp   : 168)   Running Low coverage edge remover
  0:00:00.394     1M / 22M   INFO   Simplification           (parallel_processing.hpp   : 171)   Low coverage edge remover triggered 0 times
  0:00:00.394     1M / 22M   INFO    General                 (simplification.cpp        : 402)   PROCEDURE == Simplification cycle, iteration 2
  0:00:00.394     1M / 22M   INFO   Simplification           (parallel_processing.hpp   : 168)   Running Tip clipper
  0:00:00.394     1M / 22M   INFO   Simplification           (parallel_processing.hpp   : 171)   Tip clipper triggered 0 times
  0:00:00.394     1M / 22M   INFO   Simplification           (parallel_processing.hpp   : 168)   Running Bulge remover
  0:00:00.394     1M / 22M   INFO   Simplification           (parallel_processing.hpp   : 171)   Bulge remover triggered 0 times
  0:00:00.394     1M / 22M   INFO   Simplification           (parallel_processing.hpp   : 168)   Running Low coverage edge remover
  0:00:00.394     1M / 22M   INFO   Simplification           (parallel_processing.hpp   : 171)   Low coverage edge remover triggered 0 times
  0:00:00.394     1M / 22M   INFO    General                 (simplification.cpp        : 402)   PROCEDURE == Simplification cycle, iteration 3
  0:00:00.394     1M / 22M   INFO   Simplification           (parallel_processing.hpp   : 168)   Running Tip clipper
  0:00:00.394     1M / 22M   INFO   Simplification           (parallel_processing.hpp   : 171)   Tip clipper triggered 0 times
  0:00:00.394     1M / 22M   INFO   Simplification           (parallel_processing.hpp   : 168)   Running Bulge remover
  0:00:00.394     1M / 22M   INFO   Simplification           (parallel_processing.hpp   : 171)   Bulge remover triggered 0 times
  0:00:00.394     1M / 22M   INFO   Simplification           (parallel_processing.hpp   : 168)   Running Low coverage edge remover
  0:00:00.394     1M / 22M   INFO   Simplification           (parallel_processing.hpp   : 171)   Low coverage edge remover triggered 0 times
  0:00:00.394     1M / 22M   INFO    General                 (simplification.cpp        : 402)   PROCEDURE == Simplification cycle, iteration 4
  0:00:00.394     1M / 22M   INFO   Simplification           (parallel_processing.hpp   : 168)   Running Tip clipper
  0:00:00.394     1M / 22M   INFO   Simplification           (parallel_processing.hpp   : 171)   Tip clipper triggered 0 times
  0:00:00.394     1M / 22M   INFO   Simplification           (parallel_processing.hpp   : 168)   Running Bulge remover
  0:00:00.395     1M / 22M   INFO   Simplification           (parallel_processing.hpp   : 171)   Bulge remover triggered 0 times
  0:00:00.395     1M / 22M   INFO   Simplification           (parallel_processing.hpp   : 168)   Running Low coverage edge remover
  0:00:00.395     1M / 22M   INFO   Simplification           (parallel_processing.hpp   : 171)   Low coverage edge remover triggered 0 times
  0:00:00.395     1M / 22M   INFO    General                 (simplification.cpp        : 402)   PROCEDURE == Simplification cycle, iteration 5
  0:00:00.395     1M / 22M   INFO   Simplification           (parallel_processing.hpp   : 168)   Running Tip clipper
  0:00:00.395     1M / 22M   INFO   Simplification           (parallel_processing.hpp   : 171)   Tip clipper triggered 0 times
  0:00:00.395     1M / 22M   INFO   Simplification           (parallel_processing.hpp   : 168)   Running Bulge remover
  0:00:00.395     1M / 22M   INFO   Simplification           (parallel_processing.hpp   : 171)   Bulge remover triggered 0 times
  0:00:00.395     1M / 22M   INFO   Simplification           (parallel_processing.hpp   : 168)   Running Low coverage edge remover
  0:00:00.395     1M / 22M   INFO   Simplification           (parallel_processing.hpp   : 171)   Low coverage edge remover triggered 0 times
  0:00:00.395     1M / 22M   INFO    General                 (simplification.cpp        : 402)   PROCEDURE == Simplification cycle, iteration 6
  0:00:00.395     1M / 22M   INFO   Simplification           (parallel_processing.hpp   : 168)   Running Tip clipper
  0:00:00.395     1M / 22M   INFO   Simplification           (parallel_processing.hpp   : 171)   Tip clipper triggered 0 times
  0:00:00.395     1M / 22M   INFO   Simplification           (parallel_processing.hpp   : 168)   Running Bulge remover
  0:00:00.395     1M / 22M   INFO   Simplification           (parallel_processing.hpp   : 171)   Bulge remover triggered 0 times
  0:00:00.395     1M / 22M   INFO   Simplification           (parallel_processing.hpp   : 168)   Running Low coverage edge remover
  0:00:00.395     1M / 22M   INFO   Simplification           (parallel_processing.hpp   : 171)   Low coverage edge remover triggered 0 times
  0:00:00.395     1M / 22M   INFO    General                 (simplification.cpp        : 402)   PROCEDURE == Simplification cycle, iteration 7
  0:00:00.395     1M / 22M   INFO   Simplification           (parallel_processing.hpp   : 168)   Running Tip clipper
  0:00:00.395     1M / 22M   INFO   Simplification           (parallel_processing.hpp   : 171)   Tip clipper triggered 0 times
  0:00:00.395     1M / 22M   INFO   Simplification           (parallel_processing.hpp   : 168)   Running Bulge remover
  0:00:00.395     1M / 22M   INFO   Simplification           (parallel_processing.hpp   : 171)   Bulge remover triggered 0 times
  0:00:00.395     1M / 22M   INFO   Simplification           (parallel_processing.hpp   : 168)   Running Low coverage edge remover
  0:00:00.395     1M / 22M   INFO   Simplification           (parallel_processing.hpp   : 171)   Low coverage edge remover triggered 0 times
  0:00:00.395     1M / 22M   INFO    General                 (simplification.cpp        : 402)   PROCEDURE == Simplification cycle, iteration 8
  0:00:00.395     1M / 22M   INFO   Simplification           (parallel_processing.hpp   : 168)   Running Tip clipper
  0:00:00.395     1M / 22M   INFO   Simplification           (parallel_processing.hpp   : 171)   Tip clipper triggered 0 times
  0:00:00.395     1M / 22M   INFO   Simplification           (parallel_processing.hpp   : 168)   Running Bulge remover
  0:00:00.395     1M / 22M   INFO   Simplification           (parallel_processing.hpp   : 171)   Bulge remover triggered 0 times
  0:00:00.395     1M / 22M   INFO   Simplification           (parallel_processing.hpp   : 168)   Running Low coverage edge remover
  0:00:00.395     1M / 22M   INFO   Simplification           (parallel_processing.hpp   : 171)   Low coverage edge remover triggered 0 times
  0:00:00.395     1M / 22M   INFO    General                 (simplification.cpp        : 402)   PROCEDURE == Simplification cycle, iteration 9
  0:00:00.395     1M / 22M   INFO   Simplification           (parallel_processing.hpp   : 168)   Running Tip clipper
  0:00:00.398     1M / 22M   INFO   Simplification           (parallel_processing.hpp   : 171)   Tip clipper triggered 0 times
  0:00:00.398     1M / 22M   INFO   Simplification           (parallel_processing.hpp   : 168)   Running Bulge remover
  0:00:00.398     1M / 22M   INFO   Simplification           (parallel_processing.hpp   : 171)   Bulge remover triggered 0 times
  0:00:00.398     1M / 22M   INFO   Simplification           (parallel_processing.hpp   : 168)   Running Low coverage edge remover
  0:00:00.398     1M / 22M   INFO   Simplification           (parallel_processing.hpp   : 171)   Low coverage edge remover triggered 0 times
  0:00:00.398     1M / 22M   INFO    General                 (simplification.cpp        : 402)   PROCEDURE == Simplification cycle, iteration 10
  0:00:00.399     1M / 22M   INFO   Simplification           (parallel_processing.hpp   : 168)   Running Tip clipper
  0:00:00.399     1M / 22M   INFO   Simplification           (parallel_processing.hpp   : 171)   Tip clipper triggered 0 times
  0:00:00.399     1M / 22M   INFO   Simplification           (parallel_processing.hpp   : 168)   Running Bulge remover
  0:00:00.399     1M / 22M   INFO   Simplification           (parallel_processing.hpp   : 171)   Bulge remover triggered 0 times
  0:00:00.399     1M / 22M   INFO   Simplification           (parallel_processing.hpp   : 168)   Running Low coverage edge remover
  0:00:00.399     1M / 22M   INFO   Simplification           (parallel_processing.hpp   : 171)   Low coverage edge remover triggered 0 times
  0:00:00.400     1M / 22M   INFO    General                 (simplification.cpp        : 402)   PROCEDURE == Simplification cycle, iteration 11
  0:00:00.400     1M / 22M   INFO   Simplification           (parallel_processing.hpp   : 168)   Running Tip clipper
  0:00:00.400     1M / 22M   INFO   Simplification           (parallel_processing.hpp   : 171)   Tip clipper triggered 0 times
  0:00:00.400     1M / 22M   INFO   Simplification           (parallel_processing.hpp   : 168)   Running Bulge remover
  0:00:00.400     1M / 22M   INFO   Simplification           (parallel_processing.hpp   : 171)   Bulge remover triggered 0 times
  0:00:00.404     1M / 22M   INFO   Simplification           (parallel_processing.hpp   : 168)   Running Low coverage edge remover
  0:00:00.404     1M / 22M   INFO   Simplification           (parallel_processing.hpp   : 171)   Low coverage edge remover triggered 0 times
  0:00:00.404     1M / 22M   INFO   StageManager             (stage.cpp                 : 210)   STAGE == Gap Closer (id: late_gapcloser)
  0:00:00.404     1M / 22M   INFO    General                 (gap_closer.cpp            : 484)   No paired-end libraries exist, skipping gap closer
  0:00:00.405     1M / 22M   INFO   StageManager             (stage.cpp                 : 210)   STAGE == Simplification Cleanup (id: simplification_cleanup)
  0:00:00.405     1M / 22M   INFO    General                 (simplification.cpp        : 189)   PROCEDURE == Post simplification
  0:00:00.405     1M / 22M   INFO    General                 (graph_simplification.hpp  : 455)   Disconnection of relatively low covered edges disabled
  0:00:00.405     1M / 22M   INFO    General                 (graph_simplification.hpp  : 494)   Complex tip clipping disabled
  0:00:00.405     1M / 22M   INFO    General                 (graph_simplification.hpp  : 646)   Creating parallel br instance
  0:00:00.405     1M / 22M   INFO   Simplification           (parallel_processing.hpp   : 168)   Running Tip clipper
  0:00:00.405     1M / 22M   INFO   Simplification           (parallel_processing.hpp   : 171)   Tip clipper triggered 0 times
  0:00:00.405     1M / 22M   INFO   Simplification           (parallel_processing.hpp   : 168)   Running Bulge remover
  0:00:00.406     1M / 22M   INFO   Simplification           (parallel_processing.hpp   : 171)   Bulge remover triggered 0 times
  0:00:00.406     1M / 22M   INFO   Simplification           (parallel_processing.hpp   : 168)   Running Tip clipper
  0:00:00.406     1M / 22M   INFO   Simplification           (parallel_processing.hpp   : 171)   Tip clipper triggered 0 times
  0:00:00.406     1M / 22M   INFO   Simplification           (parallel_processing.hpp   : 168)   Running Bulge remover
  0:00:00.406     1M / 22M   INFO   Simplification           (parallel_processing.hpp   : 171)   Bulge remover triggered 0 times
  0:00:00.406     1M / 22M   INFO    General                 (simplification.cpp        : 348)   Disrupting self-conjugate edges
  0:00:00.406     1M / 22M   INFO   Simplification           (parallel_processing.hpp   : 168)   Running Removing isolated edges
  0:00:00.406     1M / 22M   INFO   Simplification           (parallel_processing.hpp   : 171)   Removing isolated edges triggered 0 times
  0:00:00.406     1M / 22M   INFO    General                 (simplification.cpp        : 508)   After simplification:
  0:00:00.406     1M / 22M   INFO    General                 (simplification.cpp        : 509)     Average coverage = 7.68565
  0:00:00.406     1M / 22M   INFO    General                 (simplification.cpp        : 510)     Total length = 2195
  0:00:00.406     1M / 22M   INFO    General                 (simplification.cpp        : 511)     Median edge length: 297
  0:00:00.406     1M / 22M   INFO    General                 (simplification.cpp        : 512)     Edges: 26
  0:00:00.406     1M / 22M   INFO    General                 (simplification.cpp        : 513)     Vertices: 16
  0:00:00.406     1M / 22M   INFO   StageManager             (stage.cpp                 : 210)   STAGE == Mismatch Correction (id: mismatch_correction)
  0:00:00.406     1M / 22M   INFO    General                 (graph_pack_helpers.cpp    :  43)   Index refill
  0:00:00.406     1M / 22M   INFO    General                 (edge_index.hpp            : 175)   Using small index (max_id = 33)
  0:00:00.406     1M / 22M   INFO   K-mer Index Building     (kmer_index_builder.hpp    : 460)   Building perfect hash indices
  0:00:00.409     1M / 22M   INFO   K-mer Index Building     (kmer_index_builder.hpp    : 496)   Index built. Total 2195 kmers, 2352 bytes occupied (8.57221 bits per kmer).
  0:00:00.409     1M / 22M   INFO    General                 (edge_index_builders.hpp   : 253)   Collecting edge information from graph, this takes a while.
  0:00:00.410     1M / 22M   INFO    General                 (graph_pack_helpers.cpp    :  55)   Normalizing k-mer map. Total 0 kmers to process
  0:00:00.410     1M / 22M   INFO    General                 (kmer_mapper.hpp           :  87)   Total 0 kmers with non-trivial roots
  0:00:00.410     1M / 22M   INFO    General                 (graph_pack_helpers.cpp    :  57)   Normalizing done
  0:00:00.410     1M / 22M   INFO    General                 (mismatch_correction.cpp   : 421)   Collect potential mismatches
  0:00:00.411     1M / 22M   INFO    General                 (mismatch_correction.cpp   : 213)   Total 0 edges (out of 26) with 0 potential mismatch positions (-nan positions per edge)
  0:00:00.411     1M / 22M   INFO    General                 (mismatch_correction.cpp   : 423)   Potential mismatches collected
  0:00:00.412     1M / 22M   INFO    General                 (sequence_mapper_notifier.h:  80)   Starting sequence mapping
  0:00:00.413     1M / 22M   INFO    General                 (sequence_mapper_notifier.h: 120)   Total 2000 reads processed
  0:00:00.413     1M / 22M   INFO    General                 (mismatch_correction.cpp   : 416)   All edges processed
  0:00:00.413     1M / 22M   INFO    General                 (mismatch_correction.cpp   : 471)   Corrected 0 nucleotides
  0:00:00.414     1M / 22M   INFO   StageManager             (stage.cpp                 : 210)   STAGE == Contig Output (id: contig_output)
  0:00:00.414     1M / 22M   INFO    General                 (contig_output.hpp         :  20)   Outputting contigs to "/home/neel/bioinfo_project/nassembly/K33/before_rr.fasta"
  0:00:00.414     1M / 22M   INFO    General                 (contig_output_stage.cpp   : 159)   Writing GFA graph to "/home/neel/bioinfo_project/nassembly/K33/assembly_graph_after_simplification.gfa"
  0:00:00.414     1M / 22M   INFO   StageManager             (stage.cpp                 : 210)   STAGE == Paired Information Counting (id: late_pair_info_count)
  0:00:00.415     1M / 22M   INFO    General                 (graph_pack_helpers.cpp    :  55)   Normalizing k-mer map. Total 0 kmers to process
  0:00:00.415     1M / 22M   INFO    General                 (graph_pack_helpers.cpp    :  57)   Normalizing done
  0:00:00.415     1M / 22M   INFO    General                 (pair_info_count.cpp       : 165)   Min edge length for estimation: 297
  0:00:00.415     1M / 22M   INFO    General                 (pair_info_count.cpp       : 235)   Mapping single reads of library #0
  0:00:00.415     1M / 22M   INFO    General                 (pair_info_count.cpp       :  41)   Selecting usual mapper
  0:00:00.416     1M / 22M   INFO    General                 (sequence_mapper_notifier.h:  80)   Starting sequence mapping
  0:00:00.417     1M / 22M   INFO    General                 (sequence_mapper_notifier.h: 120)   Total 1000 reads processed
  0:00:00.418     1M / 22M   INFO    General                 (pair_info_count.cpp       : 237)   Total paths obtained from single reads: 31
  0:00:00.419     1M / 22M   INFO   StageManager             (stage.cpp                 : 210)   STAGE == Distance Estimation (id: distance_estimation)
  0:00:00.419     1M / 22M   INFO   StageManager             (stage.cpp                 : 210)   STAGE == Repeat Resolving (id: repeat_resolving)
  0:00:00.419     1M / 22M   INFO    General                 (repeat_resolving.cpp      :  88)   Using Path-Extend repeat resolving
  0:00:00.419     1M / 22M   INFO    General                 (launcher.cpp              : 636)   ExSPAnder repeat resolving tool started
  0:00:00.421     1M / 22M   INFO    General                 (launcher.cpp              : 444)   Creating main extenders, unique edge length = 2000
  0:00:00.421     1M / 22M   INFO    General                 (launcher.cpp              : 362)   filling path container
  0:00:00.422     1M / 22M   INFO    General                 (extenders_logic.cpp       :  54)   resolvable_repeat_length_bound set to 10000
  0:00:00.422     1M / 22M   INFO    General                 (extenders_logic.cpp       : 550)   Using 0 paired-end libraries
  0:00:00.422     1M / 22M   INFO    General                 (extenders_logic.cpp       : 551)   Using 0 paired-end scaffolding libraries
  0:00:00.422     1M / 22M   INFO    General                 (extenders_logic.cpp       : 552)   Using 1 single read library
  0:00:00.423     1M / 22M   INFO    General                 (launcher.cpp              : 473)   Total number of extenders is 1
  0:00:00.423     1M / 22M   INFO    General                 (path_extenders.cpp        :  36)   Processed 0 paths from 11 (0%)
  0:00:00.423     1M / 22M   INFO    General                 (path_extenders.cpp        :  36)   Processed 2 paths from 11 (18%)
  0:00:00.427     1M / 22M   INFO    General                 (path_extenders.cpp        :  36)   Processed 4 paths from 11 (36%)
  0:00:00.428     1M / 22M   INFO    General                 (path_extenders.cpp        :  36)   Processed 6 paths from 11 (54%)
  0:00:00.428     1M / 22M   INFO    General                 (path_extenders.cpp        :  36)   Processed 8 paths from 11 (72%)
  0:00:00.428     1M / 22M   INFO    General                 (path_extenders.cpp        :  36)   Processed 10 paths from 11 (90%)
  0:00:00.429     1M / 22M   INFO    General                 (launcher.cpp              : 264)   Finalizing paths
  0:00:00.429     1M / 22M   INFO    General                 (launcher.cpp              : 266)   Deduplicating paths
  0:00:00.429     1M / 22M   INFO    General                 (launcher.cpp              : 270)   Paths deduplicated
  0:00:00.429     1M / 22M   INFO   PEResolver               (pe_resolver.cpp           :  70)   Removing overlaps
  0:00:00.429     1M / 22M   INFO   PEResolver               (pe_resolver.cpp           :  73)   Sorting paths
  0:00:00.429     1M / 22M   INFO   PEResolver               (pe_resolver.cpp           :  80)   Marking overlaps
  0:00:00.429     1M / 22M   INFO   OverlapRemover           (overlap_remover.hpp       : 120)   Marking start/end overlaps
  0:00:00.430     1M / 22M   INFO   OverlapRemover           (overlap_remover.hpp       : 123)   Marking remaining overlaps
  0:00:00.430     1M / 22M   INFO   PEResolver               (pe_resolver.cpp           :  83)   Splitting paths
  0:00:00.430     1M / 22M   INFO   PEResolver               (pe_resolver.cpp           :  88)   Deduplicating paths
  0:00:00.430     1M / 22M   INFO   PEResolver               (pe_resolver.cpp           :  90)   Overlaps removed
  0:00:00.430     1M / 22M   INFO    General                 (launcher.cpp              : 287)   Paths finalized
  0:00:00.430     1M / 22M   INFO    General                 (launcher.cpp              : 482)   Closing gaps in paths
  0:00:00.430     1M / 22M   INFO    General                 (launcher.cpp              : 512)   Gap closing completed
  0:00:00.430     1M / 22M   INFO    General                 (launcher.cpp              : 320)   Traversing tandem repeats
  0:00:00.430     1M / 22M   INFO    General                 (launcher.cpp              : 330)   Traversed 0 loops
  0:00:00.430     1M / 22M   INFO    General                 (launcher.cpp              : 264)   Finalizing paths
  0:00:00.430     1M / 22M   INFO    General                 (launcher.cpp              : 266)   Deduplicating paths
  0:00:00.430     1M / 22M   INFO    General                 (launcher.cpp              : 270)   Paths deduplicated
  0:00:00.430     1M / 22M   INFO   PEResolver               (pe_resolver.cpp           :  70)   Removing overlaps
  0:00:00.430     1M / 22M   INFO   PEResolver               (pe_resolver.cpp           :  73)   Sorting paths
  0:00:00.430     1M / 22M   INFO   PEResolver               (pe_resolver.cpp           :  80)   Marking overlaps
  0:00:00.430     1M / 22M   INFO   OverlapRemover           (overlap_remover.hpp       : 120)   Marking start/end overlaps
  0:00:00.430     1M / 22M   INFO   OverlapRemover           (overlap_remover.hpp       : 123)   Marking remaining overlaps
  0:00:00.430     1M / 22M   INFO   PEResolver               (pe_resolver.cpp           :  83)   Splitting paths
  0:00:00.430     1M / 22M   INFO   PEResolver               (pe_resolver.cpp           :  88)   Deduplicating paths
  0:00:00.430     1M / 22M   INFO   PEResolver               (pe_resolver.cpp           :  90)   Overlaps removed
  0:00:00.430     1M / 22M   INFO    General                 (launcher.cpp              : 287)   Paths finalized
  0:00:00.431     1M / 22M   INFO    General                 (launcher.cpp              : 701)   ExSPAnder repeat resolving tool finished
  0:00:00.431     1M / 22M   INFO   StageManager             (stage.cpp                 : 210)   STAGE == Contig Output (id: contig_output)
  0:00:00.433     1M / 22M   INFO    General                 (contig_output.hpp         :  20)   Outputting contigs to "/home/neel/bioinfo_project/nassembly/K33/before_rr.fasta"
  0:00:00.434     1M / 22M   INFO    General                 (contig_output_stage.cpp   : 159)   Writing GFA graph to "/home/neel/bioinfo_project/nassembly/K33/assembly_graph_with_scaffolds.gfa"
  0:00:00.435     1M / 22M   INFO    General                 (contig_output_stage.cpp   : 175)   Outputting FastG graph to "/home/neel/bioinfo_project/nassembly/K33/assembly_graph.fastg"
  0:00:00.435     1M / 22M   INFO    General                 (contig_output_stage.cpp   : 210)   Breaking scaffolds
  0:00:00.436     1M / 22M   INFO    General                 (contig_output_stage.cpp   : 101)   Outputting contigs to /home/neel/bioinfo_project/nassembly/K33/final_contigs.fasta
  0:00:00.436     1M / 22M   INFO    General                 (contig_output_stage.cpp   : 107)   Outputting FastG paths to /home/neel/bioinfo_project/nassembly/K33/final_contigs.paths
  0:00:00.436     1M / 22M   INFO    General                 (contig_output_stage.cpp   : 101)   Outputting contigs to /home/neel/bioinfo_project/nassembly/K33/scaffolds.fasta
  0:00:00.436     1M / 22M   INFO    General                 (contig_output_stage.cpp   : 107)   Outputting FastG paths to /home/neel/bioinfo_project/nassembly/K33/scaffolds.paths
  0:00:00.436     1M / 22M   INFO    General                 (contig_output_stage.cpp   : 114)   Populating GFA with scaffold paths
  0:00:00.437     1M / 22M   INFO    General                 (pipeline.cpp              : 305)   SPAdes finished
  0:00:00.437     1M / 22M   INFO    General                 (main.cpp                  : 131)   Assembling time: 0 hours 0 minutes 0 seconds

===== K33 finished. 


===== Copy files started. 


== Running: /usr/bin/python3 /home/neel/SPAdes-4.3.0-Linux/share/spades/spades_pipeline/supplemetary/copy_files.py /home/neel/bioinfo_project/nassembly/K33/before_rr.fasta /home/neel/bioinfo_project/nassembly/before_rr.fasta /home/neel/bioinfo_project/nassembly/K33/assembly_graph_after_simplification.gfa /home/neel/bioinfo_project/nassembly/assembly_graph_after_simplification.gfa /home/neel/bioinfo_project/nassembly/K33/final_contigs.fasta /home/neel/bioinfo_project/nassembly/contigs.fasta /home/neel/bioinfo_project/nassembly/K33/first_pe_contigs.fasta /home/neel/bioinfo_project/nassembly/first_pe_contigs.fasta /home/neel/bioinfo_project/nassembly/K33/strain_graph.gfa /home/neel/bioinfo_project/nassembly/strain_graph.gfa /home/neel/bioinfo_project/nassembly/K33/scaffolds.fasta /home/neel/bioinfo_project/nassembly/scaffolds.fasta /home/neel/bioinfo_project/nassembly/K33/scaffolds.paths /home/neel/bioinfo_project/nassembly/scaffolds.paths /home/neel/bioinfo_project/nassembly/K33/assembly_graph_with_scaffolds.gfa /home/neel/bioinfo_project/nassembly/assembly_graph_with_scaffolds.gfa /home/neel/bioinfo_project/nassembly/K33/assembly_graph.fastg /home/neel/bioinfo_project/nassembly/assembly_graph.fastg /home/neel/bioinfo_project/nassembly/K33/final_contigs.paths /home/neel/bioinfo_project/nassembly/contigs.paths


===== Copy files finished. 


===== Assembling finished. 


===== Breaking scaffolds started. 


== Running: /usr/bin/python3 /home/neel/SPAdes-4.3.0-Linux/share/spades/spades_pipeline/supplemetary/breaking_scaffolds_script.py --result_scaffolds_filename /home/neel/bioinfo_project/nassembly/scaffolds.fasta --misc_dir /home/neel/bioinfo_project/nassembly/misc --threshold_for_breaking_scaffolds 3


===== Breaking scaffolds finished. 


===== Terminate started. 


===== Terminate finished. 

 * Assembled contigs are in /home/neel/bioinfo_project/nassembly/contigs.fasta
 * Assembled scaffolds are in /home/neel/bioinfo_project/nassembly/scaffolds.fasta
 * Paths in the assembly graph corresponding to the contigs are in /home/neel/bioinfo_project/nassembly/contigs.paths
 * Paths in the assembly graph corresponding to the scaffolds are in /home/neel/bioinfo_project/nassembly/scaffolds.paths
 * Assembly graph is in /home/neel/bioinfo_project/nassembly/assembly_graph.fastg
 * Assembly graph in GFA format is in /home/neel/bioinfo_project/nassembly/assembly_graph_with_scaffolds.gfa

======= SPAdes pipeline finished.

SPAdes log can be found here: /home/neel/bioinfo_project/nassembly/spades.log

Thank you for using SPAdes! If you use it in your research, please cite:

  Prjibelski, A., Antipov, D., Meleshko, D., Lapidus, A. and Korobeynikov, A., 2020. Using SPAdes de novo assembler. Current protocols in bioinformatics, 70(1), p.e102.
  doi.org/10.1002/cpbi.102

